Archive member included because of file (symbol)

C:\Users\morav\AppData\Local\arduino15\packages\arduino\hardware\sam\1.6.11\variants\arduino_due_x/libsam_sam3x8e_gcc_rel.a(pio.o)
                              C:\Users\morav\AppData\Local\Temp\VMBuilds\arduino_regulation\arduino_due_x_dbg\Debug\Wire\Wire.cpp.o (PIO_Configure)
C:\Users\morav\AppData\Local\arduino15\packages\arduino\hardware\sam\1.6.11\variants\arduino_due_x/libsam_sam3x8e_gcc_rel.a(pmc.o)
                              C:\Users\morav\AppData\Local\Temp\VMBuilds\arduino_regulation\arduino_due_x_dbg\Debug\Wire\Wire.cpp.o (pmc_enable_periph_clk)
C:\Users\morav\AppData\Local\arduino15\packages\arduino\hardware\sam\1.6.11\variants\arduino_due_x/libsam_sam3x8e_gcc_rel.a(twi.o)
                              C:\Users\morav\AppData\Local\Temp\VMBuilds\arduino_regulation\arduino_due_x_dbg\Debug\Wire\Wire.cpp.o (TWI_SetClock)
C:\Users\morav\AppData\Local\arduino15\packages\arduino\hardware\sam\1.6.11\variants\arduino_due_x/libsam_sam3x8e_gcc_rel.a(system_sam3xa.o)
                              C:\Users\morav\AppData\Local\Temp\VMBuilds\arduino_regulation\arduino_due_x_dbg\Debug\variant\variant.cpp.o (SystemInit)
C:\Users\morav\AppData\Local\arduino15\packages\arduino\hardware\sam\1.6.11\variants\arduino_due_x/libsam_sam3x8e_gcc_rel.a(startup_sam3xa.o)
                              (Reset_Handler)
C:\Users\morav\AppData\Local\arduino15\packages\arduino\hardware\sam\1.6.11\variants\arduino_due_x/libsam_sam3x8e_gcc_rel.a(adc.o)
                              C:\Users\morav\AppData\Local\Temp\VMBuilds\arduino_regulation\arduino_due_x_dbg\Debug\variant\variant.cpp.o (adc_init)
C:\Users\morav\AppData\Local\arduino15\packages\arduino\hardware\sam\1.6.11\variants\arduino_due_x/libsam_sam3x8e_gcc_rel.a(uotghs.o)
                              C:\Users\morav\AppData\Local\arduino15\packages\arduino\hardware\sam\1.6.11\variants\arduino_due_x/libsam_sam3x8e_gcc_rel.a(startup_sam3xa.o) (UOTGHS_Handler)
C:\Users\morav\AppData\Local\Temp\VMBuilds\arduino_regulation\arduino_due_x_dbg\Debug/core.a(cortex_handlers.c.o)
                              C:\Users\morav\AppData\Local\arduino15\packages\arduino\hardware\sam\1.6.11\variants\arduino_due_x/libsam_sam3x8e_gcc_rel.a(startup_sam3xa.o) (NMI_Handler)
C:\Users\morav\AppData\Local\Temp\VMBuilds\arduino_regulation\arduino_due_x_dbg\Debug/core.a(hooks.c.o)
                              C:\Users\morav\AppData\Local\Temp\VMBuilds\arduino_regulation\arduino_due_x_dbg\Debug/core.a(cortex_handlers.c.o) (sysTickHook)
C:\Users\morav\AppData\Local\Temp\VMBuilds\arduino_regulation\arduino_due_x_dbg\Debug/core.a(syscalls_sam3.c.o)
                              (_sbrk)
C:\Users\morav\AppData\Local\Temp\VMBuilds\arduino_regulation\arduino_due_x_dbg\Debug/core.a(wiring.c.o)
                              C:\Users\morav\AppData\Local\Temp\VMBuilds\arduino_regulation\arduino_due_x_dbg\Debug\arduino_regulation.cpp.o (millis)
C:\Users\morav\AppData\Local\Temp\VMBuilds\arduino_regulation\arduino_due_x_dbg\Debug/core.a(wiring_analog.c.o)
                              C:\Users\morav\AppData\Local\Temp\VMBuilds\arduino_regulation\arduino_due_x_dbg\Debug\variant\variant.cpp.o (analogOutputInit)
C:\Users\morav\AppData\Local\Temp\VMBuilds\arduino_regulation\arduino_due_x_dbg\Debug/core.a(wiring_digital.c.o)
                              C:\Users\morav\AppData\Local\Temp\VMBuilds\arduino_regulation\arduino_due_x_dbg\Debug\arduino_regulation.cpp.o (pinMode)
C:\Users\morav\AppData\Local\Temp\VMBuilds\arduino_regulation\arduino_due_x_dbg\Debug/core.a(abi.cpp.o)
                              C:\Users\morav\AppData\Local\Temp\VMBuilds\arduino_regulation\arduino_due_x_dbg\Debug\Wire\Wire.cpp.o (__cxa_pure_virtual)
C:\Users\morav\AppData\Local\Temp\VMBuilds\arduino_regulation\arduino_due_x_dbg\Debug/core.a(main.cpp.o)
                              c:/users/morav/appdata/local/arduino15/packages/arduino/tools/arm-none-eabi-gcc/4.8.3-2014q1/bin/../lib/gcc/arm-none-eabi/4.8.3/../../../../arm-none-eabi/lib/armv7-m/crt0.o (main)
C:\Users\morav\AppData\Local\Temp\VMBuilds\arduino_regulation\arduino_due_x_dbg\Debug/core.a(Print.cpp.o)
                              C:\Users\morav\AppData\Local\Temp\VMBuilds\arduino_regulation\arduino_due_x_dbg\Debug\Wire\Wire.cpp.o (Print::write(unsigned char const*, unsigned int))
C:\Users\morav\AppData\Local\Temp\VMBuilds\arduino_regulation\arduino_due_x_dbg\Debug/core.a(Reset.cpp.o)
                              C:\Users\morav\AppData\Local\Temp\VMBuilds\arduino_regulation\arduino_due_x_dbg\Debug/core.a(cortex_handlers.c.o) (tickReset)
C:\Users\morav\AppData\Local\Temp\VMBuilds\arduino_regulation\arduino_due_x_dbg\Debug/core.a(RingBuffer.cpp.o)
                              C:\Users\morav\AppData\Local\Temp\VMBuilds\arduino_regulation\arduino_due_x_dbg\Debug\variant\variant.cpp.o (RingBuffer::RingBuffer())
C:\Users\morav\AppData\Local\Temp\VMBuilds\arduino_regulation\arduino_due_x_dbg\Debug/core.a(UARTClass.cpp.o)
[...]
Memory Configuration

Name             Origin             Length             Attributes
rom              0x00080000         0x00080000         xr
sram0            0x20000000         0x00010000         xrw
sram1            0x20080000         0x00008000         xrw
ram              0x20070000         0x00018000         xrw
*default*        0x00000000         0xffffffff

Linker script and memory map

LOAD c:/users/morav/appdata/local/arduino15/packages/arduino/tools/arm-none-eabi-gcc/4.8.3-2014q1/bin/../lib/gcc/arm-none-eabi/4.8.3/armv7-m/crti.o
LOAD c:/users/morav/appdata/local/arduino15/packages/arduino/tools/arm-none-eabi-gcc/4.8.3-2014q1/bin/../lib/gcc/arm-none-eabi/4.8.3/armv7-m/crtbegin.o
LOAD c:/users/morav/appdata/local/arduino15/packages/arduino/tools/arm-none-eabi-gcc/4.8.3-2014q1/bin/../lib/gcc/arm-none-eabi/4.8.3/../../../../arm-none-eabi/lib/armv7-m/crt0.o
START GROUP
LOAD C:\Users\morav\AppData\Local\Temp\VMBuilds\arduino_regulation\arduino_due_x_dbg\Debug\arduino_regulation.cpp.o
LOAD C:\Users\morav\AppData\Local\Temp\VMBuilds\arduino_regulation\arduino_due_x_dbg\Debug\Wire\Wire.cpp.o
LOAD C:\Users\morav\AppData\Local\Temp\VMBuilds\arduino_regulation\arduino_due_x_dbg\Debug\LiquidCrystal\LiquidCrystal.cpp.o
LOAD C:\Users\morav\AppData\Local\Temp\VMBuilds\arduino_regulation\arduino_due_x_dbg\Debug\AM2320\AM2320.cpp.o
LOAD C:\Users\morav\AppData\Local\Temp\VMBuilds\arduino_regulation\arduino_due_x_dbg\Debug\variant\variant.cpp.o
LOAD C:\Users\morav\AppData\Local\arduino15\packages\arduino\hardware\sam\1.6.11\variants\arduino_due_x/libsam_sam3x8e_gcc_rel.a
LOAD C:\Users\morav\AppData\Local\Temp\VMBuilds\arduino_regulation\arduino_due_x_dbg\Debug/core.a
END GROUP
LOAD c:/users/morav/appdata/local/arduino15/packages/arduino/tools/arm-none-eabi-gcc/4.8.3-2014q1/bin/../lib/gcc/arm-none-eabi/4.8.3/../../../../arm-none-eabi/lib/armv7-m\libm.a
START GROUP
LOAD c:/users/morav/appdata/local/arduino15/packages/arduino/tools/arm-none-eabi-gcc/4.8.3-2014q1/bin/../lib/gcc/arm-none-eabi/4.8.3/armv7-m\libgcc.a
LOAD c:/users/morav/appdata/local/arduino15/packages/arduino/tools/arm-none-eabi-gcc/4.8.3-2014q1/bin/../lib/gcc/arm-none-eabi/4.8.3/../../../../arm-none-eabi/lib/armv7-m\libg.a
LOAD c:/users/morav/appdata/local/arduino15/packages/arduino/tools/arm-none-eabi-gcc/4.8.3-2014q1/bin/../lib/gcc/arm-none-eabi/4.8.3/../../../../arm-none-eabi/lib/armv7-m\libc.a
END GROUP
LOAD c:/users/morav/appdata/local/arduino15/packages/arduino/tools/arm-none-eabi-gcc/4.8.3-2014q1/bin/../lib/gcc/arm-none-eabi/4.8.3/armv7-m/crtend.o
LOAD c:/users/morav/appdata/local/arduino15/packages/arduino/tools/arm-none-eabi-gcc/4.8.3-2014q1/bin/../lib/gcc/arm-none-eabi/4.8.3/armv7-m/crtn.o

.text           0x00080000     0x74c4
                0x00080000                . = ALIGN (0x4)
                0x00080000                _sfixed = .
 *(.vectors .vectors.*)
 .vectors       0x00080000       0xf4 C:\Users\morav\AppData\Local\arduino15\packages\arduino\hardware\sam\1.6.11\variants\arduino_due_x/libsam_sam3x8e_gcc_rel.a(startup_sam3xa.o)
                0x00080000                exception_table
 *(.text .text.* .gnu.linkonce.t.*)
 .text          0x000800f4       0x54 c:/users/morav/appdata/local/arduino15/packages/arduino/tools/arm-none-eabi-gcc/4.8.3-2014q1/bin/../lib/gcc/arm-none-eabi/4.8.3/armv7-m/crtbegin.o
 .text._Z7measurev
                0x00080148       0x18 C:\Users\morav\AppData\Local\Temp\VMBuilds\arduino_regulation\arduino_due_x_dbg\Debug\arduino_regulation.cpp.o
                0x00080148                measure()
 .text._Z16checkForMenuEditv
                0x00080160       0x58 C:\Users\morav\AppData\Local\Temp\VMBuilds\arduino_regulation\arduino_due_x_dbg\Debug\arduino_regulation.cpp.o
                0x00080160                checkForMenuEdit()
 .text._Z15readTemperaturev
                0x000801b8       0x14 C:\Users\morav\AppData\Local\Temp\VMBuilds\arduino_regulation\arduino_due_x_dbg\Debug\arduino_regulation.cpp.o
                0x000801b8                readTemperature()
 .text._Z12readHumidityv
                0x000801cc       0x14 C:\Users\morav\AppData\Local\Temp\VMBuilds\arduino_regulation\arduino_due_x_dbg\Debug\arduino_regulation.cpp.o
                0x000801cc                readHumidity()
 .text._Z16getDaysFromStartv
                0x000801e0       0x20 C:\Users\morav\AppData\Local\Temp\VMBuilds\arduino_regulation\arduino_due_x_dbg\Debug\arduino_regulation.cpp.o
                0x000801e0                getDaysFromStart()
 .text._Z11readEncoderv
                0x00080200       0x38 C:\Users\morav\AppData\Local\Temp\VMBuilds\arduino_regulation\arduino_due_x_dbg\Debug\arduino_regulation.cpp.o
                0x00080200                readEncoder()
 .text._Z11isBlinkTimev
                0x00080238       0x24 C:\Users\morav\AppData\Local\Temp\VMBuilds\arduino_regulation\arduino_due_x_dbg\Debug\arduino_regulation.cpp.o
                0x00080238                isBlinkTime()
 .text._Z8lcdPrintii6String
                0x0008025c       0x24 C:\Users\morav\AppData\Local\Temp\VMBuilds\arduino_regulation\arduino_due_x_dbg\Debug\arduino_regulation.cpp.o
                0x0008025c                lcdPrint(int, int, String)
 .text._Z15printHeaderTextv
                0x00080280       0x40 C:\Users\morav\AppData\Local\Temp\VMBuilds\arduino_regulation\arduino_due_x_dbg\Debug\arduino_regulation.cpp.o
                0x00080280                printHeaderText()
 .text._Z8lcdPrintiii
                0x000802c0       0x26 C:\Users\morav\AppData\Local\Temp\VMBuilds\arduino_regulation\arduino_due_x_dbg\Debug\arduino_regulation.cpp.o
                0x000802c0                lcdPrint(int, int, int)
 .text._Z18printDividingLinesv
                0x000802e6       0x56 C:\Users\morav\AppData\Local\Temp\VMBuilds\arduino_regulation\arduino_due_x_dbg\Debug\arduino_regulation.cpp.o
                0x000802e6                printDividingLines()
 .text._Z16printTemperaturev
                0x0008033c       0xa0 C:\Users\morav\AppData\Local\Temp\VMBuilds\arduino_regulation\arduino_due_x_dbg\Debug\arduino_regulation.cpp.o
                0x0008033c                printTemperature()
 .text._Z13printHumidityv
                0x000803dc       0xb4 C:\Users\morav\AppData\Local\Temp\VMBuilds\arduino_regulation\arduino_due_x_dbg\Debug\arduino_regulation.cpp.o
                0x000803dc                printHumidity()
 .text._Z8printDayv
                0x00080490       0xb4 C:\Users\morav\AppData\Local\Temp\VMBuilds\arduino_regulation\arduino_due_x_dbg\Debug\arduino_regulation.cpp.o
                0x00080490                printDay()
 .text._Z8showMenuv
                0x00080544       0x1a C:\Users\morav\AppData\Local\Temp\VMBuilds\arduino_regulation\arduino_due_x_dbg\Debug\arduino_regulation.cpp.o
                0x00080544                showMenu()
 *fill*         0x0008055e        0x2 
 .text._Z7controlv
                0x00080560       0x58 C:\Users\morav\AppData\Local\Temp\VMBuilds\arduino_regulation\arduino_due_x_dbg\Debug\arduino_regulation.cpp.o
                0x00080560                control()
 .text.loop     0x000805b8       0x16 C:\Users\morav\AppData\Local\Temp\VMBuilds\arduino_regulation\arduino_due_x_dbg\Debug\arduino_regulation.cpp.o
                0x000805b8                loop
 *fill*         0x000805ce        0x2 
 .text.startup._GLOBAL__sub_I_setTemperature
                0x000805d0       0x2c C:\Users\morav\AppData\Local\Temp\VMBuilds\arduino_regulation\arduino_due_x_dbg\Debug\arduino_regulation.cpp.o
 .text.setup    0x000805fc       0x78 C:\Users\morav\AppData\Local\Temp\VMBuilds\arduino_regulation\arduino_due_x_dbg\Debug\arduino_regulation.cpp.o
                0x000805fc                setup
 .text._ZN7TwoWire5writeEPKhj
                0x00080674       0x50 C:\Users\morav\AppData\Local\Temp\VMBuilds\arduino_regulation\arduino_due_x_dbg\Debug\Wire\Wire.cpp.o
                0x00080674                TwoWire::write(unsigned char const*, unsigned int)
 .text._ZN7TwoWire9availableEv
                0x000806c4        0xc C:\Users\morav\AppData\Local\Temp\VMBuilds\arduino_regulation\arduino_due_x_dbg\Debug\Wire\Wire.cpp.o
                0x000806c4                TwoWire::available()
 .text._ZN7TwoWire4readEv
                0x000806d0       0x1e C:\Users\morav\AppData\Local\Temp\VMBuilds\arduino_regulation\arduino_due_x_dbg\Debug\Wire\Wire.cpp.o
                0x000806d0                TwoWire::read()
 .text._ZN7TwoWire4peekEv
                0x000806ee       0x16 C:\Users\morav\AppData\Local\Temp\VMBuilds\arduino_regulation\arduino_due_x_dbg\Debug\Wire\Wire.cpp.o
                0x000806ee                TwoWire::peek()
 .text._ZN7TwoWire5flushEv
                0x00080704        0x2 C:\Users\morav\AppData\Local\Temp\VMBuilds\arduino_regulation\arduino_due_x_dbg\Debug\Wire\Wire.cpp.o
                0x00080704                TwoWire::flush()
 .text._ZN7TwoWire5writeEh
                0x00080706       0x3a C:\Users\morav\AppData\Local\Temp\VMBuilds\arduino_regulation\arduino_due_x_dbg\Debug\Wire\Wire.cpp.o
                0x00080706                TwoWire::write(unsigned char)
 .text._ZL16TWI_WaitByteSentP3Twim.constprop.3
                0x00080740       0x2c C:\Users\morav\AppData\Local\Temp\VMBuilds\arduino_regulation\arduino_due_x_dbg\Debug\Wire\Wire.cpp.o
 .text._ZL24TWI_WaitTransferCompleteP3Twim.constprop.4
                0x0008076c       0x2c C:\Users\morav\AppData\Local\Temp\VMBuilds\arduino_regulation\arduino_due_x_dbg\Debug\Wire\Wire.cpp.o
 .text._ZL9Wire_Initv
                0x00080798       0x54 C:\Users\morav\AppData\Local\Temp\VMBuilds\arduino_regulation\arduino_due_x_dbg\Debug\Wire\Wire.cpp.o
 .text._ZL12Wire1_Deinitv
                0x000807ec       0x18 C:\Users\morav\AppData\Local\Temp\VMBuilds\arduino_regulation\arduino_due_x_dbg\Debug\Wire\Wire.cpp.o
 .text._ZL11Wire_Deinitv
                0x00080804       0x18 C:\Users\morav\AppData\Local\Temp\VMBuilds\arduino_regulation\arduino_due_x_dbg\Debug\Wire\Wire.cpp.o
 .text._ZL10Wire1_Initv
                0x0008081c       0x54 C:\Users\morav\AppData\Local\Temp\VMBuilds\arduino_regulation\arduino_due_x_dbg\Debug\Wire\Wire.cpp.o
 .text._ZN7TwoWireC2EP3TwiPFvvES3_
                0x00080870       0x48 C:\Users\morav\AppData\Local\Temp\VMBuilds\arduino_regulation\arduino_due_x_dbg\Debug\Wire\Wire.cpp.o
                0x00080870                TwoWire::TwoWire(Twi*, void (*)(), void (*)())
                0x00080870                TwoWire::TwoWire(Twi*, void (*)(), void (*)())
 .text._ZN7TwoWire5beginEv
                0x000808b8       0x30 C:\Users\morav\AppData\Local\Temp\VMBuilds\arduino_regulation\arduino_due_x_dbg\Debug\Wire\Wire.cpp.o
                0x000808b8                TwoWire::begin()
 .text._ZN7TwoWire11requestFromEhhmhh
                0x000808e8       0x78 C:\Users\morav\AppData\Local\Temp\VMBuilds\arduino_regulation\arduino_due_x_dbg\Debug\Wire\Wire.cpp.o
                0x000808e8                TwoWire::requestFrom(unsigned char, unsigned char, unsigned long, unsigned char, unsigned char)
 .text._ZN7TwoWire11requestFromEhhh
                0x00080960       0x12 C:\Users\morav\AppData\Local\Temp\VMBuilds\arduino_regulation\arduino_due_x_dbg\Debug\Wire\Wire.cpp.o
                0x00080960                TwoWire::requestFrom(unsigned char, unsigned char, unsigned char)
 .text._ZN7TwoWire11requestFromEii
                0x00080972        0xa C:\Users\morav\AppData\Local\Temp\VMBuilds\arduino_regulation\arduino_due_x_dbg\Debug\Wire\Wire.cpp.o
                0x00080972                TwoWire::requestFrom(int, int)
 .text._ZN7TwoWire17beginTransmissionEi
                0x0008097c       0x12 C:\Users\morav\AppData\Local\Temp\VMBuilds\arduino_regulation\arduino_due_x_dbg\Debug\Wire\Wire.cpp.o
                0x0008097c                TwoWire::beginTransmission(int)
 .text._ZN7TwoWire15endTransmissionEh
                0x0008098e       0x82 C:\Users\morav\AppData\Local\Temp\VMBuilds\arduino_regulation\arduino_due_x_dbg\Debug\Wire\Wire.cpp.o
                0x0008098e                TwoWire::endTransmission(unsigned char)
 .text._ZN7TwoWire15endTransmissionEv
                0x00080a10        0x6 C:\Users\morav\AppData\Local\Temp\VMBuilds\arduino_regulation\arduino_due_x_dbg\Debug\Wire\Wire.cpp.o
                0x00080a10                TwoWire::endTransmission()
 .text._ZN7TwoWire9onServiceEv
                0x00080a16      0x118 C:\Users\morav\AppData\Local\Temp\VMBuilds\arduino_regulation\arduino_due_x_dbg\Debug\Wire\Wire.cpp.o
                0x00080a16                TwoWire::onService()
 *fill*         0x00080b2e        0x2 
 .text.TWI1_Handler
                0x00080b30        0xc C:\Users\morav\AppData\Local\Temp\VMBuilds\arduino_regulation\arduino_due_x_dbg\Debug\Wire\Wire.cpp.o
                0x00080b30                TWI1_Handler
 .text.TWI0_Handler
                0x00080b3c        0xc C:\Users\morav\AppData\Local\Temp\VMBuilds\arduino_regulation\arduino_due_x_dbg\Debug\Wire\Wire.cpp.o
                0x00080b3c                TWI0_Handler
 .text.startup._GLOBAL__sub_I__ZN7TwoWireC2EP3TwiPFvvES3_
                0x00080b48       0x40 C:\Users\morav\AppData\Local\Temp\VMBuilds\arduino_regulation\arduino_due_x_dbg\Debug\Wire\Wire.cpp.o
 .text._ZN13LiquidCrystal11pulseEnableEv
                0x00080b88       0x38 C:\Users\morav\AppData\Local\Temp\VMBuilds\arduino_regulation\arduino_due_x_dbg\Debug\LiquidCrystal\LiquidCrystal.cpp.o
                0x00080b88                LiquidCrystal::pulseEnable()
 .text._ZN13LiquidCrystal10write4bitsEh
                0x00080bc0       0x28 C:\Users\morav\AppData\Local\Temp\VMBuilds\arduino_regulation\arduino_due_x_dbg\Debug\LiquidCrystal\LiquidCrystal.cpp.o
                0x00080bc0                LiquidCrystal::write4bits(unsigned char)
 .text._ZN13LiquidCrystal10write8bitsEh
                0x00080be8       0x28 C:\Users\morav\AppData\Local\Temp\VMBuilds\arduino_regulation\arduino_due_x_dbg\Debug\LiquidCrystal\LiquidCrystal.cpp.o
                0x00080be8                LiquidCrystal::write8bits(unsigned char)
 .text._ZN13LiquidCrystal4sendEhh
                0x00080c10       0x3e C:\Users\morav\AppData\Local\Temp\VMBuilds\arduino_regulation\arduino_due_x_dbg\Debug\LiquidCrystal\LiquidCrystal.cpp.o
                0x00080c10                LiquidCrystal::send(unsigned char, unsigned char)
 .text._ZN13LiquidCrystal7commandEh
                0x00080c4e        0x6 C:\Users\morav\AppData\Local\Temp\VMBuilds\arduino_regulation\arduino_due_x_dbg\Debug\LiquidCrystal\LiquidCrystal.cpp.o
                0x00080c4e                LiquidCrystal::command(unsigned char)
 .text._ZN13LiquidCrystal5clearEv
                0x00080c54       0x14 C:\Users\morav\AppData\Local\Temp\VMBuilds\arduino_regulation\arduino_due_x_dbg\Debug\LiquidCrystal\LiquidCrystal.cpp.o
                0x00080c54                LiquidCrystal::clear()
 .text._ZN13LiquidCrystal9setCursorEhh
                0x00080c68       0x26 C:\Users\morav\AppData\Local\Temp\VMBuilds\arduino_regulation\arduino_due_x_dbg\Debug\LiquidCrystal\LiquidCrystal.cpp.o
                0x00080c68                LiquidCrystal::setCursor(unsigned char, unsigned char)
 .text._ZN13LiquidCrystal7displayEv
                0x00080c8e       0x14 C:\Users\morav\AppData\Local\Temp\VMBuilds\arduino_regulation\arduino_due_x_dbg\Debug\LiquidCrystal\LiquidCrystal.cpp.o
                0x00080c8e                LiquidCrystal::display()
 *fill*         0x00080ca2        0x2 
 .text._ZN13LiquidCrystal5beginEhhh
                0x00080ca4      0x134 C:\Users\morav\AppData\Local\Temp\VMBuilds\arduino_regulation\arduino_due_x_dbg\Debug\LiquidCrystal\LiquidCrystal.cpp.o
                0x00080ca4                LiquidCrystal::begin(unsigned char, unsigned char, unsigned char)
 .text._ZN13LiquidCrystalC2Ehhhhhh
                0x00080dd8       0x44 C:\Users\morav\AppData\Local\Temp\VMBuilds\arduino_regulation\arduino_due_x_dbg\Debug\LiquidCrystal\LiquidCrystal.cpp.o
                0x00080dd8                LiquidCrystal::LiquidCrystal(unsigned char, unsigned char, unsigned char, unsigned char, unsigned char, unsigned char)
                0x00080dd8                LiquidCrystal::LiquidCrystal(unsigned char, unsigned char, unsigned char, unsigned char, unsigned char, unsigned char)
 .text._ZN13LiquidCrystal10createCharEhPh
                0x00080e1c       0x28 C:\Users\morav\AppData\Local\Temp\VMBuilds\arduino_regulation\arduino_due_x_dbg\Debug\LiquidCrystal\LiquidCrystal.cpp.o
                0x00080e1c                LiquidCrystal::createChar(unsigned char, unsigned char*)
 .text._ZN13LiquidCrystal5writeEh
                0x00080e44        0xc C:\Users\morav\AppData\Local\Temp\VMBuilds\arduino_regulation\arduino_due_x_dbg\Debug\LiquidCrystal\LiquidCrystal.cpp.o
                0x00080e44                LiquidCrystal::write(unsigned char)
 .text._ZN7TwoWire5writeEi
                0x00080e50        0xc C:\Users\morav\AppData\Local\Temp\VMBuilds\arduino_regulation\arduino_due_x_dbg\Debug\AM2320\AM2320.cpp.o
                0x00080e50                TwoWire::write(int)
 .text._ZN6AM2320C2Ev
                0x00080e5c        0x2 C:\Users\morav\AppData\Local\Temp\VMBuilds\arduino_regulation\arduino_due_x_dbg\Debug\AM2320\AM2320.cpp.o
                0x00080e5c                AM2320::AM2320()
                0x00080e5c                AM2320::AM2320()
 .text._ZN6AM232014getTemperatureEv
                0x00080e5e        0x4 C:\Users\morav\AppData\Local\Temp\VMBuilds\arduino_regulation\arduino_due_x_dbg\Debug\AM2320\AM2320.cpp.o
                0x00080e5e                AM2320::getTemperature()
 .text._ZN6AM232011getHumidityEv
                0x00080e62        0x4 C:\Users\morav\AppData\Local\Temp\VMBuilds\arduino_regulation\arduino_due_x_dbg\Debug\AM2320\AM2320.cpp.o
                0x00080e62                AM2320::getHumidity()
 *fill*         0x00080e66        0x2 
 .text._ZN6AM23205_wakeEv
                0x00080e68       0x1c C:\Users\morav\AppData\Local\Temp\VMBuilds\arduino_regulation\arduino_due_x_dbg\Debug\AM2320\AM2320.cpp.o
                0x00080e68                AM2320::_wake()
 .text._Z5crc16Phj
                0x00080e84       0x2e C:\Users\morav\AppData\Local\Temp\VMBuilds\arduino_regulation\arduino_due_x_dbg\Debug\AM2320\AM2320.cpp.o
                0x00080e84                crc16(unsigned char*, unsigned int)
 *fill*         0x00080eb2        0x2 
 .text._ZN6AM232015_read_registersEii
                0x00080eb4       0x6c C:\Users\morav\AppData\Local\Temp\VMBuilds\arduino_regulation\arduino_due_x_dbg\Debug\AM2320\AM2320.cpp.o
                0x00080eb4                AM2320::_read_registers(int, int)
 .text._ZN6AM23207measureEv
                0x00080f20       0x78 C:\Users\morav\AppData\Local\Temp\VMBuilds\arduino_regulation\arduino_due_x_dbg\Debug\AM2320\AM2320.cpp.o
                0x00080f20                AM2320::measure()
 .text._Z11serialEventv
                0x00080f98        0x2 C:\Users\morav\AppData\Local\Temp\VMBuilds\arduino_regulation\arduino_due_x_dbg\Debug\variant\variant.cpp.o
                0x00080f98                serialEvent()
 *fill*         0x00080f9a        0x2 
 .text.UART_Handler
                0x00080f9c        0xc C:\Users\morav\AppData\Local\Temp\VMBuilds\arduino_regulation\arduino_due_x_dbg\Debug\variant\variant.cpp.o
                0x00080f9c                UART_Handler
 .text._Z12serialEvent1v
                0x00080fa8        0x2 C:\Users\morav\AppData\Local\Temp\VMBuilds\arduino_regulation\arduino_due_x_dbg\Debug\variant\variant.cpp.o
                0x00080fa8                serialEvent1()
 .text._Z12serialEvent2v
                0x00080faa        0x2 C:\Users\morav\AppData\Local\Temp\VMBuilds\arduino_regulation\arduino_due_x_dbg\Debug\variant\variant.cpp.o
                0x00080faa                serialEvent2()
 .text._Z12serialEvent3v
                0x00080fac        0x2 C:\Users\morav\AppData\Local\Temp\VMBuilds\arduino_regulation\arduino_due_x_dbg\Debug\variant\variant.cpp.o
                0x00080fac                serialEvent3()
 *fill*         0x00080fae        0x2 
 .text.USART0_Handler
                0x00080fb0        0xc C:\Users\morav\AppData\Local\Temp\VMBuilds\arduino_regulation\arduino_due_x_dbg\Debug\variant\variant.cpp.o
                0x00080fb0                USART0_Handler
 .text.USART1_Handler
                0x00080fbc        0xc C:\Users\morav\AppData\Local\Temp\VMBuilds\arduino_regulation\arduino_due_x_dbg\Debug\variant\variant.cpp.o
                0x00080fbc                USART1_Handler
 .text.USART3_Handler
                0x00080fc8        0xc C:\Users\morav\AppData\Local\Temp\VMBuilds\arduino_regulation\arduino_due_x_dbg\Debug\variant\variant.cpp.o
                0x00080fc8                USART3_Handler
 .text.init     0x00080fd4      0x128 C:\Users\morav\AppData\Local\Temp\VMBuilds\arduino_regulation\arduino_due_x_dbg\Debug\variant\variant.cpp.o
                0x00080fd4                init
 .text.startup._GLOBAL__sub_I_g_APinDescription
                0x000810fc       0xd4 C:\Users\morav\AppData\Local\Temp\VMBuilds\arduino_regulation\arduino_due_x_dbg\Debug\variant\variant.cpp.o
 .text._Z14serialEventRunv
                0x000811d0       0x44 C:\Users\morav\AppData\Local\Temp\VMBuilds\arduino_regulation\arduino_due_x_dbg\Debug\variant\variant.cpp.o
                0x000811d0                serialEventRun()
 .text.PIO_PullUp
                0x00081214        0xa C:\Users\morav\AppData\Local\arduino15\packages\arduino\hardware\sam\1.6.11\variants\arduino_due_x/libsam_sam3x8e_gcc_rel.a(pio.o)
                0x00081214                PIO_PullUp
 .text.PIO_Get  0x0008121e       0x14 C:\Users\morav\AppData\Local\arduino15\packages\arduino\hardware\sam\1.6.11\variants\arduino_due_x/libsam_sam3x8e_gcc_rel.a(pio.o)
                0x0008121e                PIO_Get
 .text.PIO_SetPeripheral
                0x00081232       0x26 C:\Users\morav\AppData\Local\arduino15\packages\arduino\hardware\sam\1.6.11\variants\arduino_due_x/libsam_sam3x8e_gcc_rel.a(pio.o)
                0x00081232                PIO_SetPeripheral
 .text.PIO_SetInput
                0x00081258       0x26 C:\Users\morav\AppData\Local\arduino15\packages\arduino\hardware\sam\1.6.11\variants\arduino_due_x/libsam_sam3x8e_gcc_rel.a(pio.o)
                0x00081258                PIO_SetInput
 .text.PIO_SetOutput
                0x0008127e       0x24 C:\Users\morav\AppData\Local\arduino15\packages\arduino\hardware\sam\1.6.11\variants\arduino_due_x/libsam_sam3x8e_gcc_rel.a(pio.o)
                0x0008127e                PIO_SetOutput
 *fill*         0x000812a2        0x2 
 .text.PIO_Configure
                0x000812a4       0x64 C:\Users\morav\AppData\Local\arduino15\packages\arduino\hardware\sam\1.6.11\variants\arduino_due_x/libsam_sam3x8e_gcc_rel.a(pio.o)
                0x000812a4                PIO_Configure
 .text.PIO_GetOutputDataStatus
                0x00081308       0x14 C:\Users\morav\AppData\Local\arduino15\packages\arduino\hardware\sam\1.6.11\variants\arduino_due_x/libsam_sam3x8e_gcc_rel.a(pio.o)
                0x00081308                PIO_GetOutputDataStatus
 .text.pmc_enable_upll_clock
                0x0008131c       0x14 C:\Users\morav\AppData\Local\arduino15\packages\arduino\hardware\sam\1.6.11\variants\arduino_due_x/libsam_sam3x8e_gcc_rel.a(pmc.o)
                0x0008131c                pmc_enable_upll_clock
 .text.pmc_enable_periph_clk
                0x00081330       0x44 C:\Users\morav\AppData\Local\arduino15\packages\arduino\hardware\sam\1.6.11\variants\arduino_due_x/libsam_sam3x8e_gcc_rel.a(pmc.o)
                0x00081330                pmc_enable_periph_clk
 .text.pmc_disable_periph_clk
                0x00081374       0x40 C:\Users\morav\AppData\Local\arduino15\packages\arduino\hardware\sam\1.6.11\variants\arduino_due_x/libsam_sam3x8e_gcc_rel.a(pmc.o)
                0x00081374                pmc_disable_periph_clk
 .text.pmc_switch_udpck_to_upllck
                0x000813b4       0x14 C:\Users\morav\AppData\Local\arduino15\packages\arduino\hardware\sam\1.6.11\variants\arduino_due_x/libsam_sam3x8e_gcc_rel.a(pmc.o)
                0x000813b4                pmc_switch_udpck_to_upllck
 .text.pmc_enable_udpck
                0x000813c8        0xc C:\Users\morav\AppData\Local\arduino15\packages\arduino\hardware\sam\1.6.11\variants\arduino_due_x/libsam_sam3x8e_gcc_rel.a(pmc.o)
                0x000813c8                pmc_enable_udpck
 .text.TWI_SetClock
                0x000813d4       0x58 C:\Users\morav\AppData\Local\arduino15\packages\arduino\hardware\sam\1.6.11\variants\arduino_due_x/libsam_sam3x8e_gcc_rel.a(twi.o)
                0x000813d4                TWI_SetClock
 .text.TWI_Disable
                0x0008142c       0x2c C:\Users\morav\AppData\Local\arduino15\packages\arduino\hardware\sam\1.6.11\variants\arduino_due_x/libsam_sam3x8e_gcc_rel.a(twi.o)
                0x0008142c                TWI_Disable
 .text.TWI_ConfigureMaster
                0x00081458       0x48 C:\Users\morav\AppData\Local\arduino15\packages\arduino\hardware\sam\1.6.11\variants\arduino_due_x/libsam_sam3x8e_gcc_rel.a(twi.o)
                0x00081458                TWI_ConfigureMaster
 .text.TWI_Stop
                0x000814a0       0x28 C:\Users\morav\AppData\Local\arduino15\packages\arduino\hardware\sam\1.6.11\variants\arduino_due_x/libsam_sam3x8e_gcc_rel.a(twi.o)
                0x000814a0                TWI_Stop
 .text.TWI_StartRead
                0x000814c8       0x70 C:\Users\morav\AppData\Local\arduino15\packages\arduino\hardware\sam\1.6.11\variants\arduino_due_x/libsam_sam3x8e_gcc_rel.a(twi.o)
                0x000814c8                TWI_StartRead
 .text.TWI_ReadByte
                0x00081538       0x28 C:\Users\morav\AppData\Local\arduino15\packages\arduino\hardware\sam\1.6.11\variants\arduino_due_x/libsam_sam3x8e_gcc_rel.a(twi.o)
                0x00081538                TWI_ReadByte
 .text.TWI_WriteByte
                0x00081560       0x24 C:\Users\morav\AppData\Local\arduino15\packages\arduino\hardware\sam\1.6.11\variants\arduino_due_x/libsam_sam3x8e_gcc_rel.a(twi.o)
                0x00081560                TWI_WriteByte
 .text.TWI_StartWrite
                0x00081584       0x7c C:\Users\morav\AppData\Local\arduino15\packages\arduino\hardware\sam\1.6.11\variants\arduino_due_x/libsam_sam3x8e_gcc_rel.a(twi.o)
                0x00081584                TWI_StartWrite
 .text.TWI_EnableIt
                0x00081600       0x40 C:\Users\morav\AppData\Local\arduino15\packages\arduino\hardware\sam\1.6.11\variants\arduino_due_x/libsam_sam3x8e_gcc_rel.a(twi.o)
                0x00081600                TWI_EnableIt
 .text.TWI_DisableIt
                0x00081640       0x40 C:\Users\morav\AppData\Local\arduino15\packages\arduino\hardware\sam\1.6.11\variants\arduino_due_x/libsam_sam3x8e_gcc_rel.a(twi.o)
                0x00081640                TWI_DisableIt
 .text.TWI_GetStatus
                0x00081680       0x28 C:\Users\morav\AppData\Local\arduino15\packages\arduino\hardware\sam\1.6.11\variants\arduino_due_x/libsam_sam3x8e_gcc_rel.a(twi.o)
                0x00081680                TWI_GetStatus
 .text.TWI_SendSTOPCondition
                0x000816a8       0x2c C:\Users\morav\AppData\Local\arduino15\packages\arduino\hardware\sam\1.6.11\variants\arduino_due_x/libsam_sam3x8e_gcc_rel.a(twi.o)
                0x000816a8                TWI_SendSTOPCondition
 .text.SystemInit
                0x000816d4       0x88 C:\Users\morav\AppData\Local\arduino15\packages\arduino\hardware\sam\1.6.11\variants\arduino_due_x/libsam_sam3x8e_gcc_rel.a(system_sam3xa.o)
                0x000816d4                SystemInit
 .text.Reset_Handler
                0x0008175c       0x78 C:\Users\morav\AppData\Local\arduino15\packages\arduino\hardware\sam\1.6.11\variants\arduino_due_x/libsam_sam3x8e_gcc_rel.a(startup_sam3xa.o)
                0x0008175c                Reset_Handler
 .text.adc_init
                0x000817d4       0x98 C:\Users\morav\AppData\Local\arduino15\packages\arduino\hardware\sam\1.6.11\variants\arduino_due_x/libsam_sam3x8e_gcc_rel.a(adc.o)
                0x000817d4                adc_init
 .text.adc_configure_trigger
                0x0008186c        0xe C:\Users\morav\AppData\Local\arduino15\packages\arduino\hardware\sam\1.6.11\variants\arduino_due_x/libsam_sam3x8e_gcc_rel.a(adc.o)
                0x0008186c                adc_configure_trigger
 .text.adc_configure_timing
                0x0008187a       0x1a C:\Users\morav\AppData\Local\arduino15\packages\arduino\hardware\sam\1.6.11\variants\arduino_due_x/libsam_sam3x8e_gcc_rel.a(adc.o)
                0x0008187a                adc_configure_timing
 .text.adc_disable_channel
                0x00081894        0xa C:\Users\morav\AppData\Local\arduino15\packages\arduino\hardware\sam\1.6.11\variants\arduino_due_x/libsam_sam3x8e_gcc_rel.a(adc.o)
                0x00081894                adc_disable_channel
 .text.adc_disable_all_channel
                0x0008189e        0x8 C:\Users\morav\AppData\Local\arduino15\packages\arduino\hardware\sam\1.6.11\variants\arduino_due_x/libsam_sam3x8e_gcc_rel.a(adc.o)
                0x0008189e                adc_disable_all_channel
 .text.adc_disable_interrupt
                0x000818a6        0x4 C:\Users\morav\AppData\Local\arduino15\packages\arduino\hardware\sam\1.6.11\variants\arduino_due_x/libsam_sam3x8e_gcc_rel.a(adc.o)
                0x000818a6                adc_disable_interrupt
 *fill*         0x000818aa        0x2 
 .text.UOTGHS_Handler
                0x000818ac       0x10 C:\Users\morav\AppData\Local\arduino15\packages\arduino\hardware\sam\1.6.11\variants\arduino_due_x/libsam_sam3x8e_gcc_rel.a(uotghs.o)
                0x000818ac                UOTGHS_Handler
 .text.__halt   0x000818bc        0x2 C:\Users\morav\AppData\Local\Temp\VMBuilds\arduino_regulation\arduino_due_x_dbg\Debug/core.a(cortex_handlers.c.o)
                0x000818bc                DACC_Handler
                0x000818bc                DebugMon_Handler
                0x000818bc                DMAC_Handler
                0x000818bc                TRNG_Handler
                0x000818bc                HardFault_Handler
                0x000818bc                TC2_Handler
                0x000818bc                NMI_Handler
                0x000818bc                TC7_Handler
                0x000818bc                ADC_Handler
                0x000818bc                SMC_Handler
                0x000818bc                RTT_Handler
                0x000818bc                EFC1_Handler
                0x000818bc                PIOB_Handler
                0x000818bc                RTC_Handler
                0x000818bc                UsageFault_Handler
                0x000818bc                TC6_Handler
                0x000818bc                WDT_Handler
                0x000818bc                CAN0_Handler
                0x000818bc                TC4_Handler
                0x000818bc                TC1_Handler
                0x000818bc                HSMCI_Handler
                0x000818bc                TC3_Handler
                0x000818bc                PIOA_Handler
                0x000818bc                SSC_Handler
                0x000818bc                EFC0_Handler
                0x000818bc                PMC_Handler
                0x000818bc                PWM_Handler
                0x000818bc                CAN1_Handler
                0x000818bc                MemManage_Handler
                0x000818bc                SUPC_Handler
                0x000818bc                TC8_Handler
                0x000818bc                USART2_Handler
                0x000818bc                PIOD_Handler
                0x000818bc                EMAC_Handler
                0x000818bc                PIOC_Handler
                0x000818bc                BusFault_Handler
                0x000818bc                RSTC_Handler
                0x000818bc                TC0_Handler
                0x000818bc                TC5_Handler
                0x000818bc                SPI0_Handler
 .text.SVC_Handler
                0x000818be        0x4 C:\Users\morav\AppData\Local\Temp\VMBuilds\arduino_regulation\arduino_due_x_dbg\Debug/core.a(cortex_handlers.c.o)
                0x000818be                SVC_Handler
 .text.PendSV_Handler
                0x000818c2        0x4 C:\Users\morav\AppData\Local\Temp\VMBuilds\arduino_regulation\arduino_due_x_dbg\Debug/core.a(cortex_handlers.c.o)
                0x000818c2                PendSV_Handler
 .text.SysTick_Handler
                0x000818c6       0x16 C:\Users\morav\AppData\Local\Temp\VMBuilds\arduino_regulation\arduino_due_x_dbg\Debug/core.a(cortex_handlers.c.o)
                0x000818c6                SysTick_Handler
 .text.__empty  0x000818dc        0x2 C:\Users\morav\AppData\Local\Temp\VMBuilds\arduino_regulation\arduino_due_x_dbg\Debug/core.a(hooks.c.o)
                0x000818dc                yield
 .text.__false  0x000818de        0x4 C:\Users\morav\AppData\Local\Temp\VMBuilds\arduino_regulation\arduino_due_x_dbg\Debug/core.a(hooks.c.o)
                0x000818de                sysTickHook
 .text.__halt   0x000818e2        0x2 C:\Users\morav\AppData\Local\Temp\VMBuilds\arduino_regulation\arduino_due_x_dbg\Debug/core.a(hooks.c.o)
                0x000818e2                svcHook
                0x000818e2                pendSVHook
 .text._sbrk    0x000818e4       0x1c C:\Users\morav\AppData\Local\Temp\VMBuilds\arduino_regulation\arduino_due_x_dbg\Debug/core.a(syscalls_sam3.c.o)
                0x000818e4                _sbrk
 .text.link     0x00081900        0x6 C:\Users\morav\AppData\Local\Temp\VMBuilds\arduino_regulation\arduino_due_x_dbg\Debug/core.a(syscalls_sam3.c.o)
                0x00081900                link
 .text._close   0x00081906        0x6 C:\Users\morav\AppData\Local\Temp\VMBuilds\arduino_regulation\arduino_due_x_dbg\Debug/core.a(syscalls_sam3.c.o)
                0x00081906                _close
 .text._fstat   0x0008190c        0xa C:\Users\morav\AppData\Local\Temp\VMBuilds\arduino_regulation\arduino_due_x_dbg\Debug/core.a(syscalls_sam3.c.o)
                0x0008190c                _fstat
 .text._isatty  0x00081916        0x4 C:\Users\morav\AppData\Local\Temp\VMBuilds\arduino_regulation\arduino_due_x_dbg\Debug/core.a(syscalls_sam3.c.o)
                0x00081916                _isatty
 .text._lseek   0x0008191a        0x4 C:\Users\morav\AppData\Local\Temp\VMBuilds\arduino_regulation\arduino_due_x_dbg\Debug/core.a(syscalls_sam3.c.o)
                0x0008191a                _lseek
 .text._read    0x0008191e        0x4 C:\Users\morav\AppData\Local\Temp\VMBuilds\arduino_regulation\arduino_due_x_dbg\Debug/core.a(syscalls_sam3.c.o)
                0x0008191e                _read
 *fill*         0x00081922        0x2 
 .text._write   0x00081924       0x24 C:\Users\morav\AppData\Local\Temp\VMBuilds\arduino_regulation\arduino_due_x_dbg\Debug/core.a(syscalls_sam3.c.o)
                0x00081924                _write
 .text._exit    0x00081948       0x10 C:\Users\morav\AppData\Local\Temp\VMBuilds\arduino_regulation\arduino_due_x_dbg\Debug/core.a(syscalls_sam3.c.o)
                0x00081948                _exit
 .text._kill    0x00081958        0x2 C:\Users\morav\AppData\Local\Temp\VMBuilds\arduino_regulation\arduino_due_x_dbg\Debug/core.a(syscalls_sam3.c.o)
                0x00081958                _kill
 .text._getpid  0x0008195a        0x6 C:\Users\morav\AppData\Local\Temp\VMBuilds\arduino_regulation\arduino_due_x_dbg\Debug/core.a(syscalls_sam3.c.o)
                0x0008195a                _getpid
 .text.millis   0x00081960        0x4 C:\Users\morav\AppData\Local\Temp\VMBuilds\arduino_regulation\arduino_due_x_dbg\Debug/core.a(wiring.c.o)
                0x00081960                millis
 .text.delay    0x00081964       0x1c C:\Users\morav\AppData\Local\Temp\VMBuilds\arduino_regulation\arduino_due_x_dbg\Debug/core.a(wiring.c.o)
                0x00081964                delay
 .text.analogOutputInit
                0x00081980        0x2 C:\Users\morav\AppData\Local\Temp\VMBuilds\arduino_regulation\arduino_due_x_dbg\Debug/core.a(wiring_analog.c.o)
                0x00081980                analogOutputInit
 *fill*         0x00081982        0x2 
 .text.pinMode  0x00081984      0x108 C:\Users\morav\AppData\Local\Temp\VMBuilds\arduino_regulation\arduino_due_x_dbg\Debug/core.a(wiring_digital.c.o)
                0x00081984                pinMode
 .text.digitalWrite
                0x00081a8c       0x70 C:\Users\morav\AppData\Local\Temp\VMBuilds\arduino_regulation\arduino_due_x_dbg\Debug/core.a(wiring_digital.c.o)
                0x00081a8c                digitalWrite
 .text.digitalRead
                0x00081afc       0x44 C:\Users\morav\AppData\Local\Temp\VMBuilds\arduino_regulation\arduino_due_x_dbg\Debug/core.a(wiring_digital.c.o)
                0x00081afc                digitalRead
 .text.initVariant
                0x00081b40        0x2 C:\Users\morav\AppData\Local\Temp\VMBuilds\arduino_regulation\arduino_due_x_dbg\Debug/core.a(main.cpp.o)
                0x00081b40                initVariant
 *fill*         0x00081b42        0x2 
 .text.startup.main
                0x00081b44       0x38 C:\Users\morav\AppData\Local\Temp\VMBuilds\arduino_regulation\arduino_due_x_dbg\Debug/core.a(main.cpp.o)
                0x00081b44                main
 .text._ZN5Print5writeEPKhj
                0x00081b7c       0x22 C:\Users\morav\AppData\Local\Temp\VMBuilds\arduino_regulation\arduino_due_x_dbg\Debug/core.a(Print.cpp.o)
                0x00081b7c                Print::write(unsigned char const*, unsigned int)
 .text._ZN5Print5printERK6String
                0x00081b9e       0x10 C:\Users\morav\AppData\Local\Temp\VMBuilds\arduino_regulation\arduino_due_x_dbg\Debug/core.a(Print.cpp.o)
                0x00081b9e                Print::print(String const&)
 *fill*         0x00081bae        0x2 
 .text.initiateReset
                0x00081bb0        0xc C:\Users\morav\AppData\Local\Temp\VMBuilds\arduino_regulation\arduino_due_x_dbg\Debug/core.a(Reset.cpp.o)
                0x00081bb0                initiateReset
 .text.cancelReset
                0x00081bbc       0x10 C:\Users\morav\AppData\Local\Temp\VMBuilds\arduino_regulation\arduino_due_x_dbg\Debug/core.a(Reset.cpp.o)
                0x00081bbc                cancelReset
 .text.tickReset
                0x00081bcc       0x20 C:\Users\morav\AppData\Local\Temp\VMBuilds\arduino_regulation\arduino_due_x_dbg\Debug/core.a(Reset.cpp.o)
                0x00081bcc                tickReset
 .text._ZN10RingBufferC2Ev
                0x00081bec       0x1a C:\Users\morav\AppData\Local\Temp\VMBuilds\arduino_regulation\arduino_due_x_dbg\Debug/core.a(RingBuffer.cpp.o)
                0x00081bec                RingBuffer::RingBuffer()
                0x00081bec                RingBuffer::RingBuffer()
 .text._ZN10RingBuffer10store_charEh
                0x00081c06       0x1e C:\Users\morav\AppData\Local\Temp\VMBuilds\arduino_regulation\arduino_due_x_dbg\Debug/core.a(RingBuffer.cpp.o)
                0x00081c06                RingBuffer::store_char(unsigned char)
 .text._ZN9UARTClasscvbEv
                0x00081c24        0x4 C:\Users\morav\AppData\Local\Temp\VMBuilds\arduino_regulation\arduino_due_x_dbg\Debug/core.a(UARTClass.cpp.o)
                0x00081c24                UARTClass::operator bool()
 .text._ZN9UARTClass9availableEv
                0x00081c28       0x12 C:\Users\morav\AppData\Local\Temp\VMBuilds\arduino_regulation\arduino_due_x_dbg\Debug/core.a(UARTClass.cpp.o)
                0x00081c28                UARTClass::available()
 .text._ZN9UARTClass4peekEv
                0x00081c3a       0x1c C:\Users\morav\AppData\Local\Temp\VMBuilds\arduino_regulation\arduino_due_x_dbg\Debug/core.a(UARTClass.cpp.o)
                0x00081c3a                UARTClass::peek()
 .text._ZN9UARTClass4readEv
                0x00081c56       0x2a C:\Users\morav\AppData\Local\Temp\VMBuilds\arduino_regulation\arduino_due_x_dbg\Debug/core.a(UARTClass.cpp.o)
                0x00081c56                UARTClass::read()
 .text._ZN9UARTClass5flushEv
                0x00081c80       0x18 C:\Users\morav\AppData\Local\Temp\VMBuilds\arduino_regulation\arduino_due_x_dbg\Debug/core.a(UARTClass.cpp.o)
                0x00081c80                UARTClass::flush()
 .text._ZN9UARTClass5writeEh
                0x00081c98       0x54 C:\Users\morav\AppData\Local\Temp\VMBuilds\arduino_regulation\arduino_due_x_dbg\Debug/core.a(UARTClass.cpp.o)
                0x00081c98                UARTClass::write(unsigned char)
 .text._ZN9UARTClass3endEv
                0x00081cec       0x3c C:\Users\morav\AppData\Local\Temp\VMBuilds\arduino_regulation\arduino_due_x_dbg\Debug/core.a(UARTClass.cpp.o)
                0x00081cec                UARTClass::end()
 .text._ZN9UARTClassC2EP4Uart4IRQnmP10RingBufferS4_
                0x00081d28       0x24 C:\Users\morav\AppData\Local\Temp\VMBuilds\arduino_regulation\arduino_due_x_dbg\Debug/core.a(UARTClass.cpp.o)
                0x00081d28                UARTClass::UARTClass(Uart*, IRQn, unsigned long, RingBuffer*, RingBuffer*)
                0x00081d28                UARTClass::UARTClass(Uart*, IRQn, unsigned long, RingBuffer*, RingBuffer*)
 .text._ZN9UARTClass4initEmm
                0x00081d4c       0x70 C:\Users\morav\AppData\Local\Temp\VMBuilds\arduino_regulation\arduino_due_x_dbg\Debug/core.a(UARTClass.cpp.o)
                0x00081d4c                UARTClass::init(unsigned long, unsigned long)
 .text._ZN9UARTClass5beginEm
                0x00081dbc        0x8 C:\Users\morav\AppData\Local\Temp\VMBuilds\arduino_regulation\arduino_due_x_dbg\Debug/core.a(UARTClass.cpp.o)
                0x00081dbc                UARTClass::begin(unsigned long)
 .text._ZN9UARTClass10IrqHandlerEv
                0x00081dc4       0x5a C:\Users\morav\AppData\Local\Temp\VMBuilds\arduino_regulation\arduino_due_x_dbg\Debug/core.a(UARTClass.cpp.o)
                0x00081dc4                UARTClass::IrqHandler()
 .text._ZN10USARTClass5beginEm
                0x00081e1e        0x8 C:\Users\morav\AppData\Local\Temp\VMBuilds\arduino_regulation\arduino_due_x_dbg\Debug/core.a(USARTClass.cpp.o)
                0x00081e1e                USARTClass::begin(unsigned long)
 *fill*         0x00081e26        0x2 
 .text._ZN10USARTClassC2EP5Usart4IRQnmP10RingBufferS4_
                0x00081e28       0x24 C:\Users\morav\AppData\Local\Temp\VMBuilds\arduino_regulation\arduino_due_x_dbg\Debug/core.a(USARTClass.cpp.o)
                0x00081e28                USARTClass::USARTClass(Usart*, IRQn, unsigned long, RingBuffer*, RingBuffer*)
                0x00081e28                USARTClass::USARTClass(Usart*, IRQn, unsigned long, RingBuffer*, RingBuffer*)
 .text._watchdogDefaultSetup
                0x00081e4c        0xc C:\Users\morav\AppData\Local\Temp\VMBuilds\arduino_regulation\arduino_due_x_dbg\Debug/core.a(watchdog.cpp.o)
                0x00081e4c                _watchdogDefaultSetup
                0x00081e4c                watchdogSetup()
 .text._ZN6StringD2Ev
                0x00081e58        0xe C:\Users\morav\AppData\Local\Temp\VMBuilds\arduino_regulation\arduino_due_x_dbg\Debug/core.a(WString.cpp.o)
                0x00081e58                String::~String()
                0x00081e58                String::~String()
 .text._ZN6String10invalidateEv
                0x00081e66       0x16 C:\Users\morav\AppData\Local\Temp\VMBuilds\arduino_regulation\arduino_due_x_dbg\Debug/core.a(WString.cpp.o)
                0x00081e66                String::invalidate()
 .text._ZN6String12changeBufferEj
                0x00081e7c       0x18 C:\Users\morav\AppData\Local\Temp\VMBuilds\arduino_regulation\arduino_due_x_dbg\Debug/core.a(WString.cpp.o)
                0x00081e7c                String::changeBuffer(unsigned int)
 .text._ZN6String7reserveEj
                0x00081e94       0x22 C:\Users\morav\AppData\Local\Temp\VMBuilds\arduino_regulation\arduino_due_x_dbg\Debug/core.a(WString.cpp.o)
                0x00081e94                String::reserve(unsigned int)
 .text._ZN6String4copyEPKcj
                0x00081eb6       0x26 C:\Users\morav\AppData\Local\Temp\VMBuilds\arduino_regulation\arduino_due_x_dbg\Debug/core.a(WString.cpp.o)
                0x00081eb6                String::copy(char const*, unsigned int)
 .text._ZN6StringC2EPKc
                0x00081edc       0x24 C:\Users\morav\AppData\Local\Temp\VMBuilds\arduino_regulation\arduino_due_x_dbg\Debug/core.a(WString.cpp.o)
                0x00081edc                String::String(char const*)
                0x00081edc                String::String(char const*)
 .text._ZN6StringaSEPKc
                0x00081f00       0x22 C:\Users\morav\AppData\Local\Temp\VMBuilds\arduino_regulation\arduino_due_x_dbg\Debug/core.a(WString.cpp.o)
                0x00081f00                String::operator=(char const*)
 .text._ZN6StringC2Eih
                0x00081f22       0x24 C:\Users\morav\AppData\Local\Temp\VMBuilds\arduino_regulation\arduino_due_x_dbg\Debug/core.a(WString.cpp.o)
                0x00081f22                String::String(int, unsigned char)
                0x00081f22                String::String(int, unsigned char)
 *fill*         0x00081f46        0x2 
 .text.unlikely._ZL11USB_SendZlpv
                0x00081f48       0x20 C:\Users\morav\AppData\Local\Temp\VMBuilds\arduino_regulation\arduino_due_x_dbg\Debug/core.a(USBCore.cpp.o)
 .text._Z14USBD_Availablem
                0x00081f68       0x2c C:\Users\morav\AppData\Local\Temp\VMBuilds\arduino_regulation\arduino_due_x_dbg\Debug/core.a(USBCore.cpp.o)
                0x00081f68                USBD_Available(unsigned long)
 .text._Z9USBD_RecvmPvm
                0x00081f94       0x7c C:\Users\morav\AppData\Local\Temp\VMBuilds\arduino_regulation\arduino_due_x_dbg\Debug/core.a(USBCore.cpp.o)
                0x00081f94                USBD_Recv(unsigned long, void*, unsigned long)
 .text._Z9USBD_Recvm
                0x00082010       0x22 C:\Users\morav\AppData\Local\Temp\VMBuilds\arduino_regulation\arduino_due_x_dbg\Debug/core.a(USBCore.cpp.o)
                0x00082010                USBD_Recv(unsigned long)
 *fill*         0x00082032        0x2 
 .text._Z9USBD_SendmPKvm
                0x00082034       0x4c C:\Users\morav\AppData\Local\Temp\VMBuilds\arduino_regulation\arduino_due_x_dbg\Debug/core.a(USBCore.cpp.o)
                0x00082034                USBD_Send(unsigned long, void const*, unsigned long)
 .text._Z16USBD_SendControlhPKvm
                0x00082080       0x40 C:\Users\morav\AppData\Local\Temp\VMBuilds\arduino_regulation\arduino_due_x_dbg\Debug/core.a(USBCore.cpp.o)
                0x00082080                USBD_SendControl(unsigned char, void const*, unsigned long)
 .text.unlikely._ZL24USB_SendStringDescriptorPKhi
                0x000820c0       0x64 C:\Users\morav\AppData\Local\Temp\VMBuilds\arduino_regulation\arduino_due_x_dbg\Debug/core.a(USBCore.cpp.o)
 .text._Z16USBD_RecvControlPvm
                0x00082124       0x1c C:\Users\morav\AppData\Local\Temp\VMBuilds\arduino_regulation\arduino_due_x_dbg\Debug/core.a(USBCore.cpp.o)
                0x00082124                USBD_RecvControl(void*, unsigned long)
 .text._Z26USBD_ClassInterfaceRequestR8USBSetup
                0x00082140       0x1e C:\Users\morav\AppData\Local\Temp\VMBuilds\arduino_regulation\arduino_due_x_dbg\Debug/core.a(USBCore.cpp.o)
                0x00082140                USBD_ClassInterfaceRequest(USBSetup&)
 .text._Z19USBD_SendInterfacesv
                0x0008215e       0x22 C:\Users\morav\AppData\Local\Temp\VMBuilds\arduino_regulation\arduino_due_x_dbg\Debug/core.a(USBCore.cpp.o)
                0x0008215e                USBD_SendInterfaces()
 .text._Z24USBD_SendOtherInterfacesv
                0x00082180       0x22 C:\Users\morav\AppData\Local\Temp\VMBuilds\arduino_regulation\arduino_due_x_dbg\Debug/core.a(USBCore.cpp.o)
                0x00082180                USBD_SendOtherInterfaces()
 .text._Z10USBD_Flushm
                0x000821a2       0x16 C:\Users\morav\AppData\Local\Temp\VMBuilds\arduino_regulation\arduino_due_x_dbg\Debug/core.a(USBCore.cpp.o)
                0x000821a2                USBD_Flush(unsigned long)
 .text._ZN10USBDevice_C2Ev
                0x000821b8       0x24 C:\Users\morav\AppData\Local\Temp\VMBuilds\arduino_regulation\arduino_due_x_dbg\Debug/core.a(USBCore.cpp.o)
                0x000821b8                USBDevice_::USBDevice_()
                0x000821b8                USBDevice_::USBDevice_()
 .text._ZN10USBDevice_6attachEv
                0x000821dc       0x20 C:\Users\morav\AppData\Local\Temp\VMBuilds\arduino_regulation\arduino_due_x_dbg\Debug/core.a(USBCore.cpp.o)
                0x000821dc                USBDevice_::attach()
 .text.startup._GLOBAL__sub_I_EndPoints
                0x000821fc        0xc C:\Users\morav\AppData\Local\Temp\VMBuilds\arduino_regulation\arduino_due_x_dbg\Debug/core.a(USBCore.cpp.o)
 .text._ZL7USB_ISRv
                0x00082208      0x454 C:\Users\morav\AppData\Local\Temp\VMBuilds\arduino_regulation\arduino_due_x_dbg\Debug/core.a(USBCore.cpp.o)
 .text.ltoa     0x0008265c       0x6e C:\Users\morav\AppData\Local\Temp\VMBuilds\arduino_regulation\arduino_due_x_dbg\Debug/core.a(itoa.c.o)
                0x0008265c                ltoa
 .text.itoa     0x000826ca        0x4 C:\Users\morav\AppData\Local\Temp\VMBuilds\arduino_regulation\arduino_due_x_dbg\Debug/core.a(itoa.c.o)
                0x000826ca                itoa
 *fill*         0x000826ce        0x2 
 .text._ZN7Serial_9availableEv
                0x000826d0       0x18 C:\Users\morav\AppData\Local\Temp\VMBuilds\arduino_regulation\arduino_due_x_dbg\Debug/core.a(CDC.cpp.o)
                0x000826d0                Serial_::available()
 .text._ZN7Serial_17availableForWriteEv
                0x000826e8        0x6 C:\Users\morav\AppData\Local\Temp\VMBuilds\arduino_regulation\arduino_due_x_dbg\Debug/core.a(CDC.cpp.o)
                0x000826e8                Serial_::availableForWrite()
 *fill*         0x000826ee        0x2 
 .text._ZN7Serial_4peekEv
                0x000826f0       0x20 C:\Users\morav\AppData\Local\Temp\VMBuilds\arduino_regulation\arduino_due_x_dbg\Debug/core.a(CDC.cpp.o)
                0x000826f0                Serial_::peek()
 .text._ZN7Serial_5writeEh
                0x00082710       0x16 C:\Users\morav\AppData\Local\Temp\VMBuilds\arduino_regulation\arduino_due_x_dbg\Debug/core.a(CDC.cpp.o)
                0x00082710                Serial_::write(unsigned char)
 *fill*         0x00082726        0x2 
 .text._ZN7Serial_4readEv
                0x00082728       0x44 C:\Users\morav\AppData\Local\Temp\VMBuilds\arduino_regulation\arduino_due_x_dbg\Debug/core.a(CDC.cpp.o)
                0x00082728                Serial_::read()
 .text._ZN7Serial_5flushEv
                0x0008276c        0x6 C:\Users\morav\AppData\Local\Temp\VMBuilds\arduino_regulation\arduino_due_x_dbg\Debug/core.a(CDC.cpp.o)
                0x0008276c                Serial_::flush()
 *fill*         0x00082772        0x2 
 .text._ZN7Serial_6acceptEv
                0x00082774       0x70 C:\Users\morav\AppData\Local\Temp\VMBuilds\arduino_regulation\arduino_due_x_dbg\Debug/core.a(CDC.cpp.o)
                0x00082774                Serial_::accept()
 .text._ZN7Serial_5writeEPKhj
                0x000827e4       0x2c C:\Users\morav\AppData\Local\Temp\VMBuilds\arduino_regulation\arduino_due_x_dbg\Debug/core.a(CDC.cpp.o)
                0x000827e4                Serial_::write(unsigned char const*, unsigned int)
 .text._Z16CDC_GetInterfacePh
                0x00082810       0x14 C:\Users\morav\AppData\Local\Temp\VMBuilds\arduino_regulation\arduino_due_x_dbg\Debug/core.a(CDC.cpp.o)
                0x00082810                CDC_GetInterface(unsigned char*)
 .text._Z21CDC_GetOtherInterfacePh
                0x00082824       0x14 C:\Users\morav\AppData\Local\Temp\VMBuilds\arduino_regulation\arduino_due_x_dbg\Debug/core.a(CDC.cpp.o)
                0x00082824                CDC_GetOtherInterface(unsigned char*)
 .text._Z9CDC_SetupR8USBSetup
                0x00082838       0x78 C:\Users\morav\AppData\Local\Temp\VMBuilds\arduino_regulation\arduino_due_x_dbg\Debug/core.a(CDC.cpp.o)
                0x00082838                CDC_Setup(USBSetup&)
 .text.startup._GLOBAL__sub_I_cdc_rx_buffer
                0x000828b0       0x1c C:\Users\morav\AppData\Local\Temp\VMBuilds\arduino_regulation\arduino_due_x_dbg\Debug/core.a(CDC.cpp.o)
 .text._ZN13PluggableUSB_12getInterfaceEPh
                0x000828cc       0x28 C:\Users\morav\AppData\Local\Temp\VMBuilds\arduino_regulation\arduino_due_x_dbg\Debug/core.a(PluggableUSB.cpp.o)
                0x000828cc                PluggableUSB_::getInterface(unsigned char*)
 .text._ZN13PluggableUSB_13getDescriptorER8USBSetup
                0x000828f4       0x1c C:\Users\morav\AppData\Local\Temp\VMBuilds\arduino_regulation\arduino_due_x_dbg\Debug/core.a(PluggableUSB.cpp.o)
                0x000828f4                PluggableUSB_::getDescriptor(USBSetup&)
 .text._ZN13PluggableUSB_12getShortNameEPc
                0x00082910       0x1c C:\Users\morav\AppData\Local\Temp\VMBuilds\arduino_regulation\arduino_due_x_dbg\Debug/core.a(PluggableUSB.cpp.o)
                0x00082910                PluggableUSB_::getShortName(char*)
 .text._ZN13PluggableUSB_5setupER8USBSetup
                0x0008292c       0x20 C:\Users\morav\AppData\Local\Temp\VMBuilds\arduino_regulation\arduino_due_x_dbg\Debug/core.a(PluggableUSB.cpp.o)
                0x0008292c                PluggableUSB_::setup(USBSetup&)
 .text._Z12PluggableUSBv
                0x0008294c       0x28 C:\Users\morav\AppData\Local\Temp\VMBuilds\arduino_regulation\arduino_due_x_dbg\Debug/core.a(PluggableUSB.cpp.o)
                0x0008294c                PluggableUSB()
 .text.TimeTick_Increment
                0x00082974       0x10 C:\Users\morav\AppData\Local\arduino15\packages\arduino\hardware\sam\1.6.11\variants\arduino_due_x/libsam_sam3x8e_gcc_rel.a(timetick.o)
                0x00082974                TimeTick_Increment
 .text.GetTickCount
                0x00082984        0xc C:\Users\morav\AppData\Local\arduino15\packages\arduino\hardware\sam\1.6.11\variants\arduino_due_x/libsam_sam3x8e_gcc_rel.a(timetick.o)
                0x00082984                GetTickCount
 .text.WDT_Disable
                0x00082990        0x8 C:\Users\morav\AppData\Local\arduino15\packages\arduino\hardware\sam\1.6.11\variants\arduino_due_x/libsam_sam3x8e_gcc_rel.a(wdt.o)
                0x00082990                WDT_Disable
 .text.UDD_SetStack
                0x00082998        0xc C:\Users\morav\AppData\Local\arduino15\packages\arduino\hardware\sam\1.6.11\variants\arduino_due_x/libsam_sam3x8e_gcc_rel.a(uotghs_device.o)
                0x00082998                UDD_SetStack
 .text.UDD_Init
                0x000829a4       0xd0 C:\Users\morav\AppData\Local\arduino15\packages\arduino\hardware\sam\1.6.11\variants\arduino_due_x/libsam_sam3x8e_gcc_rel.a(uotghs_device.o)
                0x000829a4                UDD_Init
 .text.UDD_Attach
                0x00082a74       0x50 C:\Users\morav\AppData\Local\arduino15\packages\arduino\hardware\sam\1.6.11\variants\arduino_due_x/libsam_sam3x8e_gcc_rel.a(uotghs_device.o)
                0x00082a74                UDD_Attach
 .text.UDD_InitEP
                0x00082ac4       0x2c C:\Users\morav\AppData\Local\arduino15\packages\arduino\hardware\sam\1.6.11\variants\arduino_due_x/libsam_sam3x8e_gcc_rel.a(uotghs_device.o)
                0x00082ac4                UDD_InitEP
 .text.UDD_InitEndpoints
                0x00082af0       0x3c C:\Users\morav\AppData\Local\arduino15\packages\arduino\hardware\sam\1.6.11\variants\arduino_due_x/libsam_sam3x8e_gcc_rel.a(uotghs_device.o)
                0x00082af0                UDD_InitEndpoints
 .text.UDD_WaitIN
                0x00082b2c       0x10 C:\Users\morav\AppData\Local\arduino15\packages\arduino\hardware\sam\1.6.11\variants\arduino_due_x/libsam_sam3x8e_gcc_rel.a(uotghs_device.o)
                0x00082b2c                UDD_WaitIN
 .text.UDD_WaitOUT
                0x00082b3c       0x10 C:\Users\morav\AppData\Local\arduino15\packages\arduino\hardware\sam\1.6.11\variants\arduino_due_x/libsam_sam3x8e_gcc_rel.a(uotghs_device.o)
                0x00082b3c                UDD_WaitOUT
 .text.UDD_ClearIN
                0x00082b4c       0x18 C:\Users\morav\AppData\Local\arduino15\packages\arduino\hardware\sam\1.6.11\variants\arduino_due_x/libsam_sam3x8e_gcc_rel.a(uotghs_device.o)
                0x00082b4c                UDD_ClearIN
 .text.UDD_ClearOUT
                0x00082b64       0x18 C:\Users\morav\AppData\Local\arduino15\packages\arduino\hardware\sam\1.6.11\variants\arduino_due_x/libsam_sam3x8e_gcc_rel.a(uotghs_device.o)
                0x00082b64                UDD_ClearOUT
 .text.UDD_ReceivedSetupInt
                0x00082b7c       0x10 C:\Users\morav\AppData\Local\arduino15\packages\arduino\hardware\sam\1.6.11\variants\arduino_due_x/libsam_sam3x8e_gcc_rel.a(uotghs_device.o)
                0x00082b7c                UDD_ReceivedSetupInt
 .text.UDD_ClearSetupInt
                0x00082b8c       0x10 C:\Users\morav\AppData\Local\arduino15\packages\arduino\hardware\sam\1.6.11\variants\arduino_due_x/libsam_sam3x8e_gcc_rel.a(uotghs_device.o)
                0x00082b8c                UDD_ClearSetupInt
 .text.UDD_Send
                0x00082b9c       0x88 C:\Users\morav\AppData\Local\arduino15\packages\arduino\hardware\sam\1.6.11\variants\arduino_due_x/libsam_sam3x8e_gcc_rel.a(uotghs_device.o)
                0x00082b9c                UDD_Send
 .text.UDD_Send8
                0x00082c24       0x24 C:\Users\morav\AppData\Local\arduino15\packages\arduino\hardware\sam\1.6.11\variants\arduino_due_x/libsam_sam3x8e_gcc_rel.a(uotghs_device.o)
                0x00082c24                UDD_Send8
 .text.UDD_Recv8
                0x00082c48       0x28 C:\Users\morav\AppData\Local\arduino15\packages\arduino\hardware\sam\1.6.11\variants\arduino_due_x/libsam_sam3x8e_gcc_rel.a(uotghs_device.o)
                0x00082c48                UDD_Recv8
 .text.UDD_Recv
                0x00082c70       0x34 C:\Users\morav\AppData\Local\arduino15\packages\arduino\hardware\sam\1.6.11\variants\arduino_due_x/libsam_sam3x8e_gcc_rel.a(uotghs_device.o)
                0x00082c70                UDD_Recv
 .text.UDD_Stall
                0x00082ca4       0x14 C:\Users\morav\AppData\Local\arduino15\packages\arduino\hardware\sam\1.6.11\variants\arduino_due_x/libsam_sam3x8e_gcc_rel.a(uotghs_device.o)
                0x00082ca4                UDD_Stall
 .text.UDD_FifoByteCount
                0x00082cb8       0x14 C:\Users\morav\AppData\Local\arduino15\packages\arduino\hardware\sam\1.6.11\variants\arduino_due_x/libsam_sam3x8e_gcc_rel.a(uotghs_device.o)
                0x00082cb8                UDD_FifoByteCount
 .text.UDD_ReleaseRX
                0x00082ccc       0x28 C:\Users\morav\AppData\Local\arduino15\packages\arduino\hardware\sam\1.6.11\variants\arduino_due_x/libsam_sam3x8e_gcc_rel.a(uotghs_device.o)
                0x00082ccc                UDD_ReleaseRX
 .text.UDD_ReleaseTX
                0x00082cf4       0x28 C:\Users\morav\AppData\Local\arduino15\packages\arduino\hardware\sam\1.6.11\variants\arduino_due_x/libsam_sam3x8e_gcc_rel.a(uotghs_device.o)
                0x00082cf4                UDD_ReleaseTX
 .text.UDD_SetAddress
                0x00082d1c       0x20 C:\Users\morav\AppData\Local\arduino15\packages\arduino\hardware\sam\1.6.11\variants\arduino_due_x/libsam_sam3x8e_gcc_rel.a(uotghs_device.o)
                0x00082d1c                UDD_SetAddress
 .text          0x00082d3c      0x370 c:/users/morav/appdata/local/arduino15/packages/arduino/tools/arm-none-eabi-gcc/4.8.3-2014q1/bin/../lib/gcc/arm-none-eabi/4.8.3/armv7-m\libgcc.a(_arm_addsubdf3.o)
                0x00082d3c                __aeabi_drsub
                0x00082d44                __aeabi_dsub
                0x00082d44                __subdf3
                0x00082d48                __aeabi_dadd
                0x00082d48                __adddf3
                0x00082fc0                __floatunsidf
                0x00082fc0                __aeabi_ui2d
                0x00082fe0                __floatsidf
                0x00082fe0                __aeabi_i2d
                0x00083004                __aeabi_f2d
                0x00083004                __extendsfdf2
                0x00083040                __floatundidf
                0x00083040                __aeabi_ul2d
                0x00083050                __floatdidf
                0x00083050                __aeabi_l2d
 .text          0x000830ac      0x424 c:/users/morav/appdata/local/arduino15/packages/arduino/tools/arm-none-eabi-gcc/4.8.3-2014q1/bin/../lib/gcc/arm-none-eabi/4.8.3/armv7-m\libgcc.a(_arm_muldivdf3.o)
                0x000830ac                __aeabi_dmul
                0x000830ac                __muldf3
                0x00083300                __divdf3
                0x00083300                __aeabi_ddiv
 .text          0x000834d0       0xa0 c:/users/morav/appdata/local/arduino15/packages/arduino/tools/arm-none-eabi-gcc/4.8.3-2014q1/bin/../lib/gcc/arm-none-eabi/4.8.3/armv7-m\libgcc.a(_arm_truncdfsf2.o)
                0x000834d0                __truncdfsf2
                0x000834d0                __aeabi_d2f
 .text          0x00083570       0x4c c:/users/morav/appdata/local/arduino15/packages/arduino/tools/arm-none-eabi-gcc/4.8.3-2014q1/bin/../lib/gcc/arm-none-eabi/4.8.3/armv7-m\libgcc.a(_arm_fixsfsi.o)
                0x00083570                __aeabi_f2iz
                0x00083570                __fixsfsi
 .text.__assert_func
                0x000835bc       0x3c c:/users/morav/appdata/local/arduino15/packages/arduino/tools/arm-none-eabi-gcc/4.8.3-2014q1/bin/../lib/gcc/arm-none-eabi/4.8.3/../../../../arm-none-eabi/lib/armv7-m\libg.a(lib_a-assert.o)
                0x000835bc                __assert_func
 .text.fiprintf
                0x000835f8       0x28 c:/users/morav/appdata/local/arduino15/packages/arduino/tools/arm-none-eabi-gcc/4.8.3-2014q1/bin/../lib/gcc/arm-none-eabi/4.8.3/../../../../arm-none-eabi/lib/armv7-m\libg.a(lib_a-fiprintf.o)
                0x000835f8                fiprintf
 .text.__libc_init_array
                0x00083620       0x50 c:/users/morav/appdata/local/arduino15/packages/arduino/tools/arm-none-eabi-gcc/4.8.3-2014q1/bin/../lib/gcc/arm-none-eabi/4.8.3/../../../../arm-none-eabi/lib/armv7-m\libg.a(lib_a-init.o)
                0x00083620                __libc_init_array
 .text.iprintf  0x00083670       0x28 c:/users/morav/appdata/local/arduino15/packages/arduino/tools/arm-none-eabi-gcc/4.8.3-2014q1/bin/../lib/gcc/arm-none-eabi/4.8.3/../../../../arm-none-eabi/lib/armv7-m\libg.a(lib_a-iprintf.o)
                0x00083670                iprintf
 .text.malloc   0x00083698       0x10 c:/users/morav/appdata/local/arduino15/packages/arduino/tools/arm-none-eabi-gcc/4.8.3-2014q1/bin/../lib/gcc/arm-none-eabi/4.8.3/../../../../arm-none-eabi/lib/armv7-m\libg.a(lib_a-malloc.o)
                0x00083698                malloc
 .text.free     0x000836a8       0x10 c:/users/morav/appdata/local/arduino15/packages/arduino/tools/arm-none-eabi-gcc/4.8.3-2014q1/bin/../lib/gcc/arm-none-eabi/4.8.3/../../../../arm-none-eabi/lib/armv7-m\libg.a(lib_a-malloc.o)
                0x000836a8                free
 .text._malloc_r
                0x000836b8      0x538 c:/users/morav/appdata/local/arduino15/packages/arduino/tools/arm-none-eabi-gcc/4.8.3-2014q1/bin/../lib/gcc/arm-none-eabi/4.8.3/../../../../arm-none-eabi/lib/armv7-m\libg.a(lib_a-mallocr.o)
                0x000836b8                _malloc_r
 .text          0x00083bf0       0xec c:/users/morav/appdata/local/arduino15/packages/arduino/tools/arm-none-eabi-gcc/4.8.3-2014q1/bin/../lib/gcc/arm-none-eabi/4.8.3/../../../../arm-none-eabi/lib/armv7-m\libg.a(lib_a-memcpy.o)
                0x00083bf0                memcpy
 .text.memmove  0x00083cdc       0xcc c:/users/morav/appdata/local/arduino15/packages/arduino/tools/arm-none-eabi-gcc/4.8.3-2014q1/bin/../lib/gcc/arm-none-eabi/4.8.3/../../../../arm-none-eabi/lib/armv7-m\libg.a(lib_a-memmove.o)
                0x00083cdc                memmove
 .text.memset   0x00083da8       0x94 c:/users/morav/appdata/local/arduino15/packages/arduino/tools/arm-none-eabi-gcc/4.8.3-2014q1/bin/../lib/gcc/arm-none-eabi/4.8.3/../../../../arm-none-eabi/lib/armv7-m\libg.a(lib_a-memset.o)
                0x00083da8                memset
 .text.__malloc_lock
                0x00083e3c        0x4 c:/users/morav/appdata/local/arduino15/packages/arduino/tools/arm-none-eabi-gcc/4.8.3-2014q1/bin/../lib/gcc/arm-none-eabi/4.8.3/../../../../arm-none-eabi/lib/armv7-m\libg.a(lib_a-mlock.o)
                0x00083e3c                __malloc_lock
 .text.__malloc_unlock
                0x00083e40        0x4 c:/users/morav/appdata/local/arduino15/packages/arduino/tools/arm-none-eabi-gcc/4.8.3-2014q1/bin/../lib/gcc/arm-none-eabi/4.8.3/../../../../arm-none-eabi/lib/armv7-m\libg.a(lib_a-mlock.o)
                0x00083e40                __malloc_unlock
 .text.realloc  0x00083e44       0x10 c:/users/morav/appdata/local/arduino15/packages/arduino/tools/arm-none-eabi-gcc/4.8.3-2014q1/bin/../lib/gcc/arm-none-eabi/4.8.3/../../../../arm-none-eabi/lib/armv7-m\libg.a(lib_a-realloc.o)
                0x00083e44                realloc
 .text._realloc_r
                0x00083e54      0x3c0 c:/users/morav/appdata/local/arduino15/packages/arduino/tools/arm-none-eabi-gcc/4.8.3-2014q1/bin/../lib/gcc/arm-none-eabi/4.8.3/../../../../arm-none-eabi/lib/armv7-m\libg.a(lib_a-reallocr.o)
                0x00083e54                _realloc_r
 .text._sbrk_r  0x00084214       0x24 c:/users/morav/appdata/local/arduino15/packages/arduino/tools/arm-none-eabi-gcc/4.8.3-2014q1/bin/../lib/gcc/arm-none-eabi/4.8.3/../../../../arm-none-eabi/lib/armv7-m\libg.a(lib_a-sbrkr.o)
                0x00084214                _sbrk_r
 .text.strcpy   0x00084238       0xbc c:/users/morav/appdata/local/arduino15/packages/arduino/tools/arm-none-eabi-gcc/4.8.3-2014q1/bin/../lib/gcc/arm-none-eabi/4.8.3/../../../../arm-none-eabi/lib/armv7-m\libg.a(lib_a-strcpy.o)
                0x00084238                strcpy
 .text.strlen   0x000842f4       0x60 c:/users/morav/appdata/local/arduino15/packages/arduino/tools/arm-none-eabi-gcc/4.8.3-2014q1/bin/../lib/gcc/arm-none-eabi/4.8.3/../../../../arm-none-eabi/lib/armv7-m\libg.a(lib_a-strlen.o)
                0x000842f4                strlen
 .text.kill     0x00084354       0x10 c:/users/morav/appdata/local/arduino15/packages/arduino/tools/arm-none-eabi-gcc/4.8.3-2014q1/bin/../lib/gcc/arm-none-eabi/4.8.3/../../../../arm-none-eabi/lib/armv7-m\libg.a(lib_a-syskill.o)
                0x00084354                kill
 .text.__sprint_r.part.0
                0x00084364       0x78 c:/users/morav/appdata/local/arduino15/packages/arduino/tools/arm-none-eabi-gcc/4.8.3-2014q1/bin/../lib/gcc/arm-none-eabi/4.8.3/../../../../arm-none-eabi/lib/armv7-m\libg.a(lib_a-vfiprintf.o)
 .text._vfiprintf_r
                0x000843dc      0xc54 c:/users/morav/appdata/local/arduino15/packages/arduino/tools/arm-none-eabi-gcc/4.8.3-2014q1/bin/../lib/gcc/arm-none-eabi/4.8.3/../../../../arm-none-eabi/lib/armv7-m\libg.a(lib_a-vfiprintf.o)
                0x000843dc                _vfiprintf_r
 .text.__sbprintf
                0x00085030       0x7c c:/users/morav/appdata/local/arduino15/packages/arduino/tools/arm-none-eabi-gcc/4.8.3-2014q1/bin/../lib/gcc/arm-none-eabi/4.8.3/../../../../arm-none-eabi/lib/armv7-m\libg.a(lib_a-vfiprintf.o)
 .text.__swsetup_r
                0x000850ac       0xc4 c:/users/morav/appdata/local/arduino15/packages/arduino/tools/arm-none-eabi-gcc/4.8.3-2014q1/bin/../lib/gcc/arm-none-eabi/4.8.3/../../../../arm-none-eabi/lib/armv7-m\libg.a(lib_a-wsetup.o)
                0x000850ac                __swsetup_r
 .text.startup.register_fini
                0x00085170       0x14 c:/users/morav/appdata/local/arduino15/packages/arduino/tools/arm-none-eabi-gcc/4.8.3-2014q1/bin/../lib/gcc/arm-none-eabi/4.8.3/../../../../arm-none-eabi/lib/armv7-m\libg.a(lib_a-__call_atexit.o)
 .text.abort    0x00085184       0x10 c:/users/morav/appdata/local/arduino15/packages/arduino/tools/arm-none-eabi-gcc/4.8.3-2014q1/bin/../lib/gcc/arm-none-eabi/4.8.3/../../../../arm-none-eabi/lib/armv7-m\libg.a(lib_a-abort.o)
                0x00085184                abort
 .text.atexit   0x00085194        0xc c:/users/morav/appdata/local/arduino15/packages/arduino/tools/arm-none-eabi-gcc/4.8.3-2014q1/bin/../lib/gcc/arm-none-eabi/4.8.3/../../../../arm-none-eabi/lib/armv7-m\libg.a(lib_a-atexit.o)
                0x00085194                atexit
 .text.__sflush_r
                0x000851a0      0x148 c:/users/morav/appdata/local/arduino15/packages/arduino/tools/arm-none-eabi-gcc/4.8.3-2014q1/bin/../lib/gcc/arm-none-eabi/4.8.3/../../../../arm-none-eabi/lib/armv7-m\libg.a(lib_a-fflush.o)
                0x000851a0                __sflush_r
 .text._fflush_r
                0x000852e8       0x2c c:/users/morav/appdata/local/arduino15/packages/arduino/tools/arm-none-eabi-gcc/4.8.3-2014q1/bin/../lib/gcc/arm-none-eabi/4.8.3/../../../../arm-none-eabi/lib/armv7-m\libg.a(lib_a-fflush.o)
                0x000852e8                _fflush_r
 .text._cleanup_r
                0x00085314        0xc c:/users/morav/appdata/local/arduino15/packages/arduino/tools/arm-none-eabi-gcc/4.8.3-2014q1/bin/../lib/gcc/arm-none-eabi/4.8.3/../../../../arm-none-eabi/lib/armv7-m\libg.a(lib_a-findfp.o)
                0x00085314                _cleanup_r
 .text.__sinit  0x00085320       0xf4 c:/users/morav/appdata/local/arduino15/packages/arduino/tools/arm-none-eabi-gcc/4.8.3-2014q1/bin/../lib/gcc/arm-none-eabi/4.8.3/../../../../arm-none-eabi/lib/armv7-m\libg.a(lib_a-findfp.o)
                0x00085320                __sinit
 .text.__sfp_lock_acquire
                0x00085414        0x4 c:/users/morav/appdata/local/arduino15/packages/arduino/tools/arm-none-eabi-gcc/4.8.3-2014q1/bin/../lib/gcc/arm-none-eabi/4.8.3/../../../../arm-none-eabi/lib/armv7-m\libg.a(lib_a-findfp.o)
                0x00085414                __sfp_lock_acquire
 .text.__sfp_lock_release
                0x00085418        0x4 c:/users/morav/appdata/local/arduino15/packages/arduino/tools/arm-none-eabi-gcc/4.8.3-2014q1/bin/../lib/gcc/arm-none-eabi/4.8.3/../../../../arm-none-eabi/lib/armv7-m\libg.a(lib_a-findfp.o)
                0x00085418                __sfp_lock_release
 .text.__libc_fini_array
                0x0008541c       0x30 c:/users/morav/appdata/local/arduino15/packages/arduino/tools/arm-none-eabi-gcc/4.8.3-2014q1/bin/../lib/gcc/arm-none-eabi/4.8.3/../../../../arm-none-eabi/lib/armv7-m\libg.a(lib_a-fini.o)
                0x0008541c                __libc_fini_array
 .text._fputwc_r
                0x0008544c       0xc0 c:/users/morav/appdata/local/arduino15/packages/arduino/tools/arm-none-eabi-gcc/4.8.3-2014q1/bin/../lib/gcc/arm-none-eabi/4.8.3/../../../../arm-none-eabi/lib/armv7-m\libg.a(lib_a-fputwc.o)
                0x0008544c                _fputwc_r
 .text._malloc_trim_r
                0x0008550c       0x9c c:/users/morav/appdata/local/arduino15/packages/arduino/tools/arm-none-eabi-gcc/4.8.3-2014q1/bin/../lib/gcc/arm-none-eabi/4.8.3/../../../../arm-none-eabi/lib/armv7-m\libg.a(lib_a-freer.o)
                0x0008550c                _malloc_trim_r
 .text._free_r  0x000855a8      0x198 c:/users/morav/appdata/local/arduino15/packages/arduino/tools/arm-none-eabi-gcc/4.8.3-2014q1/bin/../lib/gcc/arm-none-eabi/4.8.3/../../../../arm-none-eabi/lib/armv7-m\libg.a(lib_a-freer.o)
                0x000855a8                _free_r
 .text.__sfvwrite_r
                0x00085740      0x314 c:/users/morav/appdata/local/arduino15/packages/arduino/tools/arm-none-eabi-gcc/4.8.3-2014q1/bin/../lib/gcc/arm-none-eabi/4.8.3/../../../../arm-none-eabi/lib/armv7-m\libg.a(lib_a-fvwrite.o)
                0x00085740                __sfvwrite_r
 .text._fwalk   0x00085a54       0x48 c:/users/morav/appdata/local/arduino15/packages/arduino/tools/arm-none-eabi-gcc/4.8.3-2014q1/bin/../lib/gcc/arm-none-eabi/4.8.3/../../../../arm-none-eabi/lib/armv7-m\libg.a(lib_a-fwalk.o)
                0x00085a54                _fwalk
 .text.__locale_charset
                0x00085a9c        0x8 c:/users/morav/appdata/local/arduino15/packages/arduino/tools/arm-none-eabi-gcc/4.8.3-2014q1/bin/../lib/gcc/arm-none-eabi/4.8.3/../../../../arm-none-eabi/lib/armv7-m\libg.a(lib_a-locale.o)
                0x00085a9c                __locale_charset
 .text.__locale_mb_cur_max
                0x00085aa4        0xc c:/users/morav/appdata/local/arduino15/packages/arduino/tools/arm-none-eabi-gcc/4.8.3-2014q1/bin/../lib/gcc/arm-none-eabi/4.8.3/../../../../arm-none-eabi/lib/armv7-m\libg.a(lib_a-locale.o)
                0x00085aa4                __locale_mb_cur_max
 .text.__smakebuf_r
                0x00085ab0       0xe0 c:/users/morav/appdata/local/arduino15/packages/arduino/tools/arm-none-eabi-gcc/4.8.3-2014q1/bin/../lib/gcc/arm-none-eabi/4.8.3/../../../../arm-none-eabi/lib/armv7-m\libg.a(lib_a-makebuf.o)
                0x00085ab0                __smakebuf_r
 .text.memchr   0x00085b90       0x94 c:/users/morav/appdata/local/arduino15/packages/arduino/tools/arm-none-eabi-gcc/4.8.3-2014q1/bin/../lib/gcc/arm-none-eabi/4.8.3/../../../../arm-none-eabi/lib/armv7-m\libg.a(lib_a-memchr-stub.o)
                0x00085b90                memchr
 .text._raise_r
                0x00085c24       0x58 c:/users/morav/appdata/local/arduino15/packages/arduino/tools/arm-none-eabi-gcc/4.8.3-2014q1/bin/../lib/gcc/arm-none-eabi/4.8.3/../../../../arm-none-eabi/lib/armv7-m\libg.a(lib_a-signal.o)
                0x00085c24                _raise_r
 .text.raise    0x00085c7c       0x10 c:/users/morav/appdata/local/arduino15/packages/arduino/tools/arm-none-eabi-gcc/4.8.3-2014q1/bin/../lib/gcc/arm-none-eabi/4.8.3/../../../../arm-none-eabi/lib/armv7-m\libg.a(lib_a-signal.o)
                0x00085c7c                raise
 .text._kill_r  0x00085c8c       0x28 c:/users/morav/appdata/local/arduino15/packages/arduino/tools/arm-none-eabi-gcc/4.8.3-2014q1/bin/../lib/gcc/arm-none-eabi/4.8.3/../../../../arm-none-eabi/lib/armv7-m\libg.a(lib_a-signalr.o)
                0x00085c8c                _kill_r
 .text._getpid_r
                0x00085cb4        0x4 c:/users/morav/appdata/local/arduino15/packages/arduino/tools/arm-none-eabi-gcc/4.8.3-2014q1/bin/../lib/gcc/arm-none-eabi/4.8.3/../../../../arm-none-eabi/lib/armv7-m\libg.a(lib_a-signalr.o)
                0x00085cb4                _getpid_r
 .text.__sread  0x00085cb8       0x24 c:/users/morav/appdata/local/arduino15/packages/arduino/tools/arm-none-eabi-gcc/4.8.3-2014q1/bin/../lib/gcc/arm-none-eabi/4.8.3/../../../../arm-none-eabi/lib/armv7-m\libg.a(lib_a-stdio.o)
                0x00085cb8                __sread
 .text.__swrite
                0x00085cdc       0x38 c:/users/morav/appdata/local/arduino15/packages/arduino/tools/arm-none-eabi-gcc/4.8.3-2014q1/bin/../lib/gcc/arm-none-eabi/4.8.3/../../../../arm-none-eabi/lib/armv7-m\libg.a(lib_a-stdio.o)
                0x00085cdc                __swrite
 .text.__sseek  0x00085d14       0x20 c:/users/morav/appdata/local/arduino15/packages/arduino/tools/arm-none-eabi-gcc/4.8.3-2014q1/bin/../lib/gcc/arm-none-eabi/4.8.3/../../../../arm-none-eabi/lib/armv7-m\libg.a(lib_a-stdio.o)
                0x00085d14                __sseek
 .text.__sclose
                0x00085d34        0x8 c:/users/morav/appdata/local/arduino15/packages/arduino/tools/arm-none-eabi-gcc/4.8.3-2014q1/bin/../lib/gcc/arm-none-eabi/4.8.3/../../../../arm-none-eabi/lib/armv7-m\libg.a(lib_a-stdio.o)
                0x00085d34                __sclose
 .text.__swbuf_r
                0x00085d3c       0xa8 c:/users/morav/appdata/local/arduino15/packages/arduino/tools/arm-none-eabi-gcc/4.8.3-2014q1/bin/../lib/gcc/arm-none-eabi/4.8.3/../../../../arm-none-eabi/lib/armv7-m\libg.a(lib_a-wbuf.o)
                0x00085d3c                __swbuf_r
 .text._wcrtomb_r
                0x00085de4       0x50 c:/users/morav/appdata/local/arduino15/packages/arduino/tools/arm-none-eabi-gcc/4.8.3-2014q1/bin/../lib/gcc/arm-none-eabi/4.8.3/../../../../arm-none-eabi/lib/armv7-m\libg.a(lib_a-wcrtomb.o)
                0x00085de4                _wcrtomb_r
 .text.__ascii_wctomb
                0x00085e34       0x1c c:/users/morav/appdata/local/arduino15/packages/arduino/tools/arm-none-eabi-gcc/4.8.3-2014q1/bin/../lib/gcc/arm-none-eabi/4.8.3/../../../../arm-none-eabi/lib/armv7-m\libg.a(lib_a-wctomb_r.o)
                0x00085e34                __ascii_wctomb
 .text._write_r
                0x00085e50       0x28 c:/users/morav/appdata/local/arduino15/packages/arduino/tools/arm-none-eabi-gcc/4.8.3-2014q1/bin/../lib/gcc/arm-none-eabi/4.8.3/../../../../arm-none-eabi/lib/armv7-m\libg.a(lib_a-writer.o)
                0x00085e50                _write_r
 .text.__register_exitproc
                0x00085e78       0xa8 c:/users/morav/appdata/local/arduino15/packages/arduino/tools/arm-none-eabi-gcc/4.8.3-2014q1/bin/../lib/gcc/arm-none-eabi/4.8.3/../../../../arm-none-eabi/lib/armv7-m\libg.a(lib_a-__atexit.o)
                0x00085e78                __register_exitproc
 .text._close_r
                0x00085f20       0x24 c:/users/morav/appdata/local/arduino15/packages/arduino/tools/arm-none-eabi-gcc/4.8.3-2014q1/bin/../lib/gcc/arm-none-eabi/4.8.3/../../../../arm-none-eabi/lib/armv7-m\libg.a(lib_a-closer.o)
                0x00085f20                _close_r
 .text._fclose_r
                0x00085f44       0x80 c:/users/morav/appdata/local/arduino15/packages/arduino/tools/arm-none-eabi-gcc/4.8.3-2014q1/bin/../lib/gcc/arm-none-eabi/4.8.3/../../../../arm-none-eabi/lib/armv7-m\libg.a(lib_a-fclose.o)
                0x00085f44                _fclose_r
 .text.fclose   0x00085fc4       0x10 c:/users/morav/appdata/local/arduino15/packages/arduino/tools/arm-none-eabi-gcc/4.8.3-2014q1/bin/../lib/gcc/arm-none-eabi/4.8.3/../../../../arm-none-eabi/lib/armv7-m\libg.a(lib_a-fclose.o)
                0x00085fc4                fclose
 .text._fstat_r
                0x00085fd4       0x28 c:/users/morav/appdata/local/arduino15/packages/arduino/tools/arm-none-eabi-gcc/4.8.3-2014q1/bin/../lib/gcc/arm-none-eabi/4.8.3/../../../../arm-none-eabi/lib/armv7-m\libg.a(lib_a-fstatr.o)
                0x00085fd4                _fstat_r
 .text._isatty_r
                0x00085ffc       0x24 c:/users/morav/appdata/local/arduino15/packages/arduino/tools/arm-none-eabi-gcc/4.8.3-2014q1/bin/../lib/gcc/arm-none-eabi/4.8.3/../../../../arm-none-eabi/lib/armv7-m\libg.a(lib_a-isattyr.o)
                0x00085ffc                _isatty_r
 .text._lseek_r
                0x00086020       0x28 c:/users/morav/appdata/local/arduino15/packages/arduino/tools/arm-none-eabi-gcc/4.8.3-2014q1/bin/../lib/gcc/arm-none-eabi/4.8.3/../../../../arm-none-eabi/lib/armv7-m\libg.a(lib_a-lseekr.o)
                0x00086020                _lseek_r
 .text._read_r  0x00086048       0x28 c:/users/morav/appdata/local/arduino15/packages/arduino/tools/arm-none-eabi-gcc/4.8.3-2014q1/bin/../lib/gcc/arm-none-eabi/4.8.3/../../../../arm-none-eabi/lib/armv7-m\libg.a(lib_a-readr.o)
                0x00086048                _read_r
 .text          0x00086070       0x2c c:/users/morav/appdata/local/arduino15/packages/arduino/tools/arm-none-eabi-gcc/4.8.3-2014q1/bin/../lib/gcc/arm-none-eabi/4.8.3/armv7-m\libgcc.a(_aeabi_uldivmod.o)
                0x00086070                __aeabi_uldivmod
 .text          0x0008609c       0x60 c:/users/morav/appdata/local/arduino15/packages/arduino/tools/arm-none-eabi-gcc/4.8.3-2014q1/bin/../lib/gcc/arm-none-eabi/4.8.3/armv7-m\libgcc.a(bpabi.o)
                0x0008609c                __gnu_ldivmod_helper
                0x000860cc                __gnu_uldivmod_helper
 .text          0x000860fc        0x4 c:/users/morav/appdata/local/arduino15/packages/arduino/tools/arm-none-eabi-gcc/4.8.3-2014q1/bin/../lib/gcc/arm-none-eabi/4.8.3/armv7-m\libgcc.a(_dvmd_tls.o)
                0x000860fc                __aeabi_idiv0
                0x000860fc                __aeabi_ldiv0
 .text          0x00086100      0x2a0 c:/users/morav/appdata/local/arduino15/packages/arduino/tools/arm-none-eabi-gcc/4.8.3-2014q1/bin/../lib/gcc/arm-none-eabi/4.8.3/armv7-m\libgcc.a(_divdi3.o)
                0x00086100                __divdi3
 .text          0x000863a0      0x290 c:/users/morav/appdata/local/arduino15/packages/arduino/tools/arm-none-eabi-gcc/4.8.3-2014q1/bin/../lib/gcc/arm-none-eabi/4.8.3/armv7-m\libgcc.a(_udivdi3.o)
                0x000863a0                __udivdi3
 *(.glue_7t)
 .glue_7t       0x00000000        0x0 linker stubs
 *(.glue_7)
 .glue_7        0x00000000        0x0 linker stubs
 *(.rodata .rodata* .gnu.linkonce.r.*)
 .rodata.str1.1
                0x00086630       0x18 C:\Users\morav\AppData\Local\Temp\VMBuilds\arduino_regulation\arduino_due_x_dbg\Debug\arduino_regulation.cpp.o
 .rodata._ZTV7TwoWire
                0x00086648       0x20 C:\Users\morav\AppData\Local\Temp\VMBuilds\arduino_regulation\arduino_due_x_dbg\Debug\Wire\Wire.cpp.o
                0x00086648                vtable for TwoWire
 .rodata._ZTV13LiquidCrystal
                0x00086668       0x10 C:\Users\morav\AppData\Local\Temp\VMBuilds\arduino_regulation\arduino_due_x_dbg\Debug\LiquidCrystal\LiquidCrystal.cpp.o
                0x00086668                vtable for LiquidCrystal
 .rodata.g_APinDescription
                0x00086678      0xa2c C:\Users\morav\AppData\Local\Temp\VMBuilds\arduino_regulation\arduino_due_x_dbg\Debug\variant\variant.cpp.o
                0x00086678                g_APinDescription
 .rodata.__func__.7227
                0x000870a4        0xe C:\Users\morav\AppData\Local\arduino15\packages\arduino\hardware\sam\1.6.11\variants\arduino_due_x/libsam_sam3x8e_gcc_rel.a(twi.o)
 .rodata.__func__.7157
                0x000870b2        0xd C:\Users\morav\AppData\Local\arduino15\packages\arduino\hardware\sam\1.6.11\variants\arduino_due_x/libsam_sam3x8e_gcc_rel.a(twi.o)
 .rodata.__func__.7208
                0x000870bf        0xf C:\Users\morav\AppData\Local\arduino15\packages\arduino\hardware\sam\1.6.11\variants\arduino_due_x/libsam_sam3x8e_gcc_rel.a(twi.o)
 .rodata.__func__.7176
                0x000870ce        0xc C:\Users\morav\AppData\Local\arduino15\packages\arduino\hardware\sam\1.6.11\variants\arduino_due_x/libsam_sam3x8e_gcc_rel.a(twi.o)
 .rodata.str1.1
                0x000870da       0xb4 C:\Users\morav\AppData\Local\arduino15\packages\arduino\hardware\sam\1.6.11\variants\arduino_due_x/libsam_sam3x8e_gcc_rel.a(twi.o)
 .rodata.__func__.7184
                0x0008718e        0x9 C:\Users\morav\AppData\Local\arduino15\packages\arduino\hardware\sam\1.6.11\variants\arduino_due_x/libsam_sam3x8e_gcc_rel.a(twi.o)
 .rodata.__func__.7240
                0x00087197       0x16 C:\Users\morav\AppData\Local\arduino15\packages\arduino\hardware\sam\1.6.11\variants\arduino_due_x/libsam_sam3x8e_gcc_rel.a(twi.o)
 .rodata.__func__.7191
                0x000871ad        0xe C:\Users\morav\AppData\Local\arduino15\packages\arduino\hardware\sam\1.6.11\variants\arduino_due_x/libsam_sam3x8e_gcc_rel.a(twi.o)
 .rodata.__func__.7231
                0x000871bb        0xe C:\Users\morav\AppData\Local\arduino15\packages\arduino\hardware\sam\1.6.11\variants\arduino_due_x/libsam_sam3x8e_gcc_rel.a(twi.o)
 .rodata.__func__.7195
                0x000871c9        0xd C:\Users\morav\AppData\Local\arduino15\packages\arduino\hardware\sam\1.6.11\variants\arduino_due_x/libsam_sam3x8e_gcc_rel.a(twi.o)
 .rodata.__func__.7222
                0x000871d6        0xd C:\Users\morav\AppData\Local\arduino15\packages\arduino\hardware\sam\1.6.11\variants\arduino_due_x/libsam_sam3x8e_gcc_rel.a(twi.o)
 .rodata.__func__.7200
                0x000871e3        0xe C:\Users\morav\AppData\Local\arduino15\packages\arduino\hardware\sam\1.6.11\variants\arduino_due_x/libsam_sam3x8e_gcc_rel.a(twi.o)
 .rodata.__func__.7151
                0x000871f1       0x14 C:\Users\morav\AppData\Local\arduino15\packages\arduino\hardware\sam\1.6.11\variants\arduino_due_x/libsam_sam3x8e_gcc_rel.a(twi.o)
 *fill*         0x00087205        0x3 
 .rodata        0x00087208       0x40 C:\Users\morav\AppData\Local\arduino15\packages\arduino\hardware\sam\1.6.11\variants\arduino_due_x/libsam_sam3x8e_gcc_rel.a(adc.o)
 .rodata.str1.1
                0x00087248       0x19 C:\Users\morav\AppData\Local\Temp\VMBuilds\arduino_regulation\arduino_due_x_dbg\Debug/core.a(syscalls_sam3.c.o)
 *fill*         0x00087261        0x7 
 .rodata._ZTV9UARTClass
                0x00087268       0x30 C:\Users\morav\AppData\Local\Temp\VMBuilds\arduino_regulation\arduino_due_x_dbg\Debug/core.a(UARTClass.cpp.o)
                0x00087268                vtable for UARTClass
 .rodata._ZTV10USARTClass
                0x00087298       0x30 C:\Users\morav\AppData\Local\Temp\VMBuilds\arduino_regulation\arduino_due_x_dbg\Debug/core.a(USARTClass.cpp.o)
                0x00087298                vtable for USARTClass
 .rodata.STRING_PRODUCT
                0x000872c8        0xc C:\Users\morav\AppData\Local\Temp\VMBuilds\arduino_regulation\arduino_due_x_dbg\Debug/core.a(USBCore.cpp.o)
                0x000872c8                STRING_PRODUCT
 .rodata.USB_DeviceDescriptor
                0x000872d4       0x12 C:\Users\morav\AppData\Local\Temp\VMBuilds\arduino_regulation\arduino_due_x_dbg\Debug/core.a(USBCore.cpp.o)
                0x000872d4                USB_DeviceDescriptor
 .rodata.STRING_LANGUAGE
                0x000872e6        0x4 C:\Users\morav\AppData\Local\Temp\VMBuilds\arduino_regulation\arduino_due_x_dbg\Debug/core.a(USBCore.cpp.o)
                0x000872e6                STRING_LANGUAGE
 .rodata._ZL18test_packet_buffer
                0x000872ea       0x35 C:\Users\morav\AppData\Local\Temp\VMBuilds\arduino_regulation\arduino_due_x_dbg\Debug/core.a(USBCore.cpp.o)
 .rodata.STRING_MANUFACTURER
                0x0008731f        0xc C:\Users\morav\AppData\Local\Temp\VMBuilds\arduino_regulation\arduino_due_x_dbg\Debug/core.a(USBCore.cpp.o)
                0x0008731f                STRING_MANUFACTURER
 .rodata.USB_DeviceDescriptorA
                0x0008732b       0x12 C:\Users\morav\AppData\Local\Temp\VMBuilds\arduino_regulation\arduino_due_x_dbg\Debug/core.a(USBCore.cpp.o)
                0x0008732b                USB_DeviceDescriptorA
 .rodata._ZL19USB_DeviceQualifier
                0x0008733d        0x9 C:\Users\morav\AppData\Local\Temp\VMBuilds\arduino_regulation\arduino_due_x_dbg\Debug/core.a(USBCore.cpp.o)
 *fill*         0x00087346        0x2 
 .rodata._ZTV7Serial_
                0x00087348       0x28 C:\Users\morav\AppData\Local\Temp\VMBuilds\arduino_regulation\arduino_due_x_dbg\Debug/core.a(CDC.cpp.o)
                0x00087348                vtable for Serial_
 .rodata._ZL18_cdcOtherInterface
                0x00087370       0x42 C:\Users\morav\AppData\Local\Temp\VMBuilds\arduino_regulation\arduino_due_x_dbg\Debug/core.a(CDC.cpp.o)
 .rodata._ZL13_cdcInterface
                0x000873b2       0x42 C:\Users\morav\AppData\Local\Temp\VMBuilds\arduino_regulation\arduino_due_x_dbg\Debug/core.a(CDC.cpp.o)
 .rodata.str1.4
                0x000873f4       0x3f c:/users/morav/appdata/local/arduino15/packages/arduino/tools/arm-none-eabi-gcc/4.8.3-2014q1/bin/../lib/gcc/arm-none-eabi/4.8.3/../../../../arm-none-eabi/lib/armv7-m\libg.a(lib_a-assert.o)
                                 0x44 (size before relaxing)
 *fill*         0x00087433        0x1 
 .rodata.str1.4
                0x00087434        0x2 c:/users/morav/appdata/local/arduino15/packages/arduino/tools/arm-none-eabi-gcc/4.8.3-2014q1/bin/../lib/gcc/arm-none-eabi/4.8.3/../../../../arm-none-eabi/lib/armv7-m\libg.a(lib_a-impure.o)
                                  0x4 (size before relaxing)
 *fill*         0x00087436        0x2 
 .rodata._global_impure_ptr
                0x00087438        0x4 c:/users/morav/appdata/local/arduino15/packages/arduino/tools/arm-none-eabi-gcc/4.8.3-2014q1/bin/../lib/gcc/arm-none-eabi/4.8.3/../../../../arm-none-eabi/lib/armv7-m\libg.a(lib_a-impure.o)
                0x00087438                _global_impure_ptr
 .rodata.blanks.6717
                0x0008743c       0x10 c:/users/morav/appdata/local/arduino15/packages/arduino/tools/arm-none-eabi-gcc/4.8.3-2014q1/bin/../lib/gcc/arm-none-eabi/4.8.3/../../../../arm-none-eabi/lib/armv7-m\libg.a(lib_a-vfiprintf.o)
 .rodata.str1.4
                0x0008744c       0x30 c:/users/morav/appdata/local/arduino15/packages/arduino/tools/arm-none-eabi-gcc/4.8.3-2014q1/bin/../lib/gcc/arm-none-eabi/4.8.3/../../../../arm-none-eabi/lib/armv7-m\libg.a(lib_a-vfiprintf.o)
 .rodata.zeroes.6718
                0x0008747c       0x10 c:/users/morav/appdata/local/arduino15/packages/arduino/tools/arm-none-eabi-gcc/4.8.3-2014q1/bin/../lib/gcc/arm-none-eabi/4.8.3/../../../../arm-none-eabi/lib/armv7-m\libg.a(lib_a-vfiprintf.o)
 *(.ARM.extab* .gnu.linkonce.armextab.*)
                0x0008748c                . = ALIGN (0x4)
 *(.init)
 .init          0x0008748c        0x4 c:/users/morav/appdata/local/arduino15/packages/arduino/tools/arm-none-eabi-gcc/4.8.3-2014q1/bin/../lib/gcc/arm-none-eabi/4.8.3/armv7-m/crti.o
                0x0008748c                _init
 .init          0x00087490        0x8 c:/users/morav/appdata/local/arduino15/packages/arduino/tools/arm-none-eabi-gcc/4.8.3-2014q1/bin/../lib/gcc/arm-none-eabi/4.8.3/armv7-m/crtn.o
                0x00087498                . = ALIGN (0x4)
                0x00087498                __preinit_array_start = .
 *(.preinit_array)
                0x00087498                __preinit_array_end = .
                0x00087498                . = ALIGN (0x4)
                0x00087498                __init_array_start = .
 *(SORT(.init_array.*))
 .init_array.00000
                0x00087498        0x4 c:/users/morav/appdata/local/arduino15/packages/arduino/tools/arm-none-eabi-gcc/4.8.3-2014q1/bin/../lib/gcc/arm-none-eabi/4.8.3/../../../../arm-none-eabi/lib/armv7-m\libg.a(lib_a-__call_atexit.o)
 *(.init_array)
 .init_array    0x0008749c        0x4 c:/users/morav/appdata/local/arduino15/packages/arduino/tools/arm-none-eabi-gcc/4.8.3-2014q1/bin/../lib/gcc/arm-none-eabi/4.8.3/armv7-m/crtbegin.o
 .init_array    0x000874a0        0x4 C:\Users\morav\AppData\Local\Temp\VMBuilds\arduino_regulation\arduino_due_x_dbg\Debug\arduino_regulation.cpp.o
 .init_array    0x000874a4        0x4 C:\Users\morav\AppData\Local\Temp\VMBuilds\arduino_regulation\arduino_due_x_dbg\Debug\Wire\Wire.cpp.o
 .init_array    0x000874a8        0x4 C:\Users\morav\AppData\Local\Temp\VMBuilds\arduino_regulation\arduino_due_x_dbg\Debug\variant\variant.cpp.o
 .init_array    0x000874ac        0x4 C:\Users\morav\AppData\Local\Temp\VMBuilds\arduino_regulation\arduino_due_x_dbg\Debug/core.a(USBCore.cpp.o)
 .init_array    0x000874b0        0x4 C:\Users\morav\AppData\Local\Temp\VMBuilds\arduino_regulation\arduino_due_x_dbg\Debug/core.a(CDC.cpp.o)
                0x000874b4                __init_array_end = .
                0x000874b4                . = ALIGN (0x4)
 *crtbegin.o(.ctors)
 *(EXCLUDE_FILE(*crtend.o) .ctors)
 *(SORT(.ctors.*))
 *crtend.o(.ctors)
                0x000874b4                . = ALIGN (0x4)
 *(.fini)
 .fini          0x000874b4        0x4 c:/users/morav/appdata/local/arduino15/packages/arduino/tools/arm-none-eabi-gcc/4.8.3-2014q1/bin/../lib/gcc/arm-none-eabi/4.8.3/armv7-m/crti.o
                0x000874b4                _fini
 .fini          0x000874b8        0x8 c:/users/morav/appdata/local/arduino15/packages/arduino/tools/arm-none-eabi-gcc/4.8.3-2014q1/bin/../lib/gcc/arm-none-eabi/4.8.3/armv7-m/crtn.o
                0x000874c0                . = ALIGN (0x4)
                0x000874c0                __fini_array_start = .
 *(.fini_array)
 .fini_array    0x000874c0        0x4 c:/users/morav/appdata/local/arduino15/packages/arduino/tools/arm-none-eabi-gcc/4.8.3-2014q1/bin/../lib/gcc/arm-none-eabi/4.8.3/armv7-m/crtbegin.o
 *(SORT(.fini_array.*))
                0x000874c4                __fini_array_end = .
 *crtbegin.o(.dtors)
 *(EXCLUDE_FILE(*crtend.o) .dtors)
 *(SORT(.dtors.*))
 *crtend.o(.dtors)
                0x000874c4                . = ALIGN (0x4)
                0x000874c4                _efixed = .
                0x000874c4                PROVIDE (__exidx_start, .)

.vfp11_veneer   0x000874c4        0x0
 .vfp11_veneer  0x00000000        0x0 linker stubs

.v4_bx          0x000874c4        0x0
 .v4_bx         0x00000000        0x0 linker stubs

.iplt           0x000874c4        0x0
 .iplt          0x00000000        0x0 c:/users/morav/appdata/local/arduino15/packages/arduino/tools/arm-none-eabi-gcc/4.8.3-2014q1/bin/../lib/gcc/arm-none-eabi/4.8.3/armv7-m/crtbegin.o

.ARM.exidx      0x000874c4        0x8
 *(.ARM.exidx* .gnu.linkonce.armexidx.*)
 .ARM.exidx     0x000874c4        0x8 c:/users/morav/appdata/local/arduino15/packages/arduino/tools/arm-none-eabi-gcc/4.8.3-2014q1/bin/../lib/gcc/arm-none-eabi/4.8.3/armv7-m\libgcc.a(_divdi3.o)
 .ARM.exidx     0x000874cc        0x0 c:/users/morav/appdata/local/arduino15/packages/arduino/tools/arm-none-eabi-gcc/4.8.3-2014q1/bin/../lib/gcc/arm-none-eabi/4.8.3/armv7-m\libgcc.a(_udivdi3.o)
                                  0x8 (size before relaxing)
                0x000874cc                PROVIDE (__exidx_end, .)

.eh_frame       0x000874cc        0x0
 .eh_frame      0x000874cc        0x0 c:/users/morav/appdata/local/arduino15/packages/arduino/tools/arm-none-eabi-gcc/4.8.3-2014q1/bin/../lib/gcc/arm-none-eabi/4.8.3/armv7-m/crtbegin.o

.rel.dyn        0x000874cc        0x0
 .rel.iplt      0x00000000        0x0 c:/users/morav/appdata/local/arduino15/packages/arduino/tools/arm-none-eabi-gcc/4.8.3-2014q1/bin/../lib/gcc/arm-none-eabi/4.8.3/armv7-m/crtbegin.o

.jcr            0x000874cc        0x0
 .jcr           0x000874cc        0x0 c:/users/morav/appdata/local/arduino15/packages/arduino/tools/arm-none-eabi-gcc/4.8.3-2014q1/bin/../lib/gcc/arm-none-eabi/4.8.3/armv7-m/crtbegin.o

.igot.plt       0x000874cc        0x0
 .igot.plt      0x00000000        0x0 c:/users/morav/appdata/local/arduino15/packages/arduino/tools/arm-none-eabi-gcc/4.8.3-2014q1/bin/../lib/gcc/arm-none-eabi/4.8.3/armv7-m/crtbegin.o
                0x000874cc                . = ALIGN (0x4)
                0x000874cc                _etext = .

.relocate       0x20070000      0x8f4 load address 0x000874cc
                0x20070000                . = ALIGN (0x4)
                0x20070000                _srelocate = .
 *(.ramfunc .ramfunc.*)
 .ramfunc       0x20070000       0x2c C:\Users\morav\AppData\Local\Temp\VMBuilds\arduino_regulation\arduino_due_x_dbg\Debug/core.a(Reset.cpp.o)